https://raw.githubusercontent.com/itdoginfo/allow-domains/refs/heads/main/Subnets/IPv4/Discord.lst
https://raw.githubusercontent.com/itdoginfo/allow-domains/refs/heads/main/Subnets/IPv4/Meta.lst
https://raw.githubusercontent.com/itdoginfo/allow-domains/refs/heads/main/Subnets/IPv4/Twitter.lst
https://raw.githubusercontent.com/itdoginfo/allow-domains/refs/heads/main/Subnets/IPv4/cloudflare.lst
https://raw.githubusercontent.com/itdoginfo/allow-domains/refs/heads/main/Subnets/IPv4/cloudfront.lst
https://raw.githubusercontent.com/itdoginfo/allow-domains/refs/heads/main/Subnets/IPv4/digitalocean.lst
https://raw.githubusercontent.com/itdoginfo/allow-domains/refs/heads/main/Subnets/IPv4/discord.lst
https://raw.githubusercontent.com/itdoginfo/allow-domains/refs/heads/main/Subnets/IPv4/hetzner.lst
https://raw.githubusercontent.com/itdoginfo/allow-domains/refs/heads/main/Subnets/IPv4/meta.lst
https://raw.githubusercontent.com/itdoginfo/allow-domains/refs/heads/main/Subnets/IPv4/ovh.lst
https://raw.githubusercontent.com/itdoginfo/allow-domains/refs/heads/main/Subnets/IPv4/roblox.lst
https://raw.githubusercontent.com/itdoginfo/allow-domains/refs/heads/main/Subnets/IPv4/telegram.lst
https://raw.githubusercontent.com/itdoginfo/allow-domains/refs/heads/main/Subnets/IPv4/twitter.lst
https://raw.githubusercontent.com/Wearant/domains/refs/heads/main/my_sub.lst
https://raw.githubusercontent.com/Wearant/domains/refs/heads/main/mihon_sub.lst
