aizi.ggsel.com
ggsel.com
ggsel.ru
ggsel.io
backoffice.dev1.ggsel.com
payments.dev-1.ggsel.com
payments.dev-2.ggsel.com
sellers-office.dev1.ggsel.com
www.test.ggsel.com
sellers-office.staging.ggsel.com
back-office.staging.ggsel.com
img.ggsel.com
api2.ggsel.com
b2b-api.ggsel.com
g-sellers-back-office-web.ggsel.com
seller.dev2.ggsel.com
sellers-office.dev-2.ggsel.com
back-office.dev2.ggsel.com
phpmyadmin.ggsel.com
redirect.ggsel.com
back-office.dev-2.ggsel.com
www.test1.ggsel.com
cicd.ggsel.com
sellers-office.prod.ggsel.com
tests.ggsel.com
payments.staging.ggsel.com
sellers-office.dev-1.ggsel.com
back-office.dev1.ggsel.com
sellers-office.dev2.ggsel.com
tinyauth.ggsel.com
gitlab.ggsel.com
testapi.b2b.ggsel.com
www.ggsel.com
test4.ggsel.com
test1.ggsel.com
a.ggsel.com
api.ggsel.com
api4.ggsel.com
backoffice.dev2.ggsel.com
admin-pack.prod.ggsel.com
stage.ggsel.com
seller.staging.ggsel.com
g-engine.vpn.ggsel.com
vpn2.ggsel.com
payments.dev2.ggsel.com
www.test2.ggsel.com
registry.gitlab.ggsel.com
vpn.ggsel.com
test3.ggsel.com
back-office.prod.ggsel.com
back-office.dev-1.ggsel.com
payments.dev1.ggsel.com
stat.ggsel.com
seller.dev1.ggsel.com
payments.pixelporto.ggsel.com
back-office.pixelporto.ggsel.com
www.dev.ggsel.com
test2.ggsel.com
www.test3.ggsel.com
backoffice.staging.ggsel.com
test-expired.ggsel.com
test.ggsel.com
api3.ggsel.com
grafana.ggsel.com
sellers-office.pixelporto.ggsel.com
reporter.ggsel.com
www.test4.ggsel.com
dev.ggsel.com
oson.ggsel.com
images.ggsel.ru
www.images.ggsel.ru
www.ggsel.ru
img.ggsel.ru
testapi-b2b.ggsel.net
twitch.ggsel.net
dashboard.ggsel.net
sellers-office.ggsel.net
test-b2b.ggsel.net
technoscore.ggsel.net
push.ggsel.net
api-dashboard.ggsel.net
b2b.ggsel.net
back-office.ggsel.net
