--- // ARC // ---
ads-twitter.com
adultmult.tv
agora.io
aliexpress.com
aliexpress.ru
aliexpress.su
amazonaws.com
amedia.site
android.clients.google.com
anilib.me
anilibria.org
anilibria.tv
anilibria.uno
anilibria.wtf
animaunt.org
anime-portal.su
animebest.org
animedia.tv
animego.org
animespirit.ru
anistar.org
anistars.ru
api.epicgames.dev
argotunnel.com
attachments.f95zone.to
aws-voice-region.amazonaws.com
awsapps.com
awsstatic.com
bato.to
beacons.gvt2.com
byteoversea.com
cdn-telegram.org
cdninstagram.com
cfargotunnel.com
cfl.re
chatgpt.com
chaturbate.com
circlecrewpinkcrowd.com
cloudflare-dns.com
cloudflare-ech.com
cloudflare-esni.com
cloudflare-gateway.com
cloudflare-quic.com
cloudflare.com
cloudflare.net
cloudflare.tv
cloudflareaccess.com
cloudflareapps.com
cloudflarebolt.com
cloudflareclient.com
cloudflareinsights.com
cloudflareok.com
cloudflarepartners.com
cloudflareportal.com
cloudflarepreview.com
cloudflareresolve.com
cloudflaressl.com
cloudflarestatus.com
cloudflarestorage.com
cloudflarestream.com
cloudflaretest.com
cloudflarewarp.com
cloudfront.net
cms-twdigitalassets.com
comments.app
connectivitycheck.gstatic.com
console.aws.a2z.com
contest.com
coomer.su
danbooru.donmai.us
deadbydaylight.com
deadbydaylight.fandom.com
delivery.2d.net.co
dis.gd
discord-activities.com
discord-attachments-uploads-prd.storage.googleapis.com
discord.co
discord.com
discord.design
discord.dev
discord.gg
discord.gift
discord.gifts
discord.media
discord.new
discord.store
discord.tools
discordactivities.com
discordapp.com
discordapp.net
discordmerch.com
discordpartygames.com
discordsays.com
dorama.live
doramalive.ru
doramy.club
e-hentai.org
e621.net
eos-gateway-prod.ak.epicgames.com
eporner.com
etahub.com
every1dns.net
facebook.com
facebook.net
fansly.com
fb.com
fbcdn.net
fbsbx.com
ficbook.net
fragment.com
freeones.com
game.hosting.epicgames.dev
gelbooru.com
ggpht.com
googleplay.com
googlevideo.com
graph.org
gvt1.com
hd-rezka.tv
hdrezka.ac
hdrezka.ag
hdrezka.app
hdrezka.me
hdrezka.tech
hdrezka.tv
hdrzk.org
hentai-foundry.com
hitomi.la
hqporner.com
ibytedtos.com
ig.me
instagram.com
internalfb.com
ip.fish
isbgpsafeyet.com
jnn-pa.googleapis.com
jut-su.net
jut.su
kara.su
kemono.su
lh3.googleusercontent.com
mangadex.org
mangahub.ru
mangapark.net
manyvids.com
meta.com
multporn.net
muscdn.com
musical.ly
myanimelist.net
mydoramy.club
nhentai.com
nhentai.net
nude-moon.org
oculus.com
one.one.one
one.one.one.one
pacloudflare.com
pages.dev
periscope.tv
phncdn.com
phncdn.com.sds.rncdn7.com
play-fe.googleapis.com
play-games.googleusercontent.com
play-lh.googleusercontent.com
play.google.com
play.googleapis.com
playboy.com
pornhub.com
pornhub.org
pornolab.net
prod-lt-playstoregatewayadapter-pa.googleapis.com
pscp.tv
quiz.directory
realbooru.com
reddxxx.com
redgifs.com
rentry.org
returnyoutubedislikeapi.com
rezka-ua.in
rezka.ag
rezka.cc
rezka.fi
rezka.land
rezka.my
rezka.tv
rezkify.com
rtcp.on.epicgames.com
rule34.art
rule34.us
rule34.xxx
s3.amazonaws.com
shikimori.me
shiza-project.com
signaling-service-prod.euc1.live.rtcp.on.epicgames.com
signaling-service-prod.eun1.live.rtcp.on.epicgames.com
signaling-service-prod.use1a.live.rtcp.on.epicgames.com
signin.aws.amazon.com
slashlib.me
sovetromantica.com
sso.amazonaws.com
t.co
t.me
tdesktop.com
telega.one
telegra.ph
telegram-cdn.org
telegram.dog
telegram.me
telegram.org
telegram.space
telesco.pe
tellapart.com
tg.dev
theporndude.com
threads.net
tik-tokapi.com
tiktok.com
tiktokcdn-eu.com
tiktokcdn-us.com
tiktokcdn.com
tiktokd.net
tiktokd.org
tiktokv.com
tiktokv.eu
tiktokv.us
tiktokw.us
trycloudflare.com
ttwstatic.com
turn-euc1.rtcp.on.epicgames.com
turn-eun1.rtcp.on.epicgames.com
turn.rtcp.on.epicgames.com
tweetdeck.com
twimg.com
twitpic.com
twitter.biz
twitter.com
twitter.jp
twittercommunity.com
twitterflightschool.com
twitterinc.com
twitteroauth.com
twitterstat.us
twtrdns.net
twttr.com
twttr.net
twvid.com
tx.me
ukdevilz.com
usercontent.dev
videodelivery.net
vine.co
vipergirls.to
vivox.com
vndb.org
voice-eu1.embark.io
voidboost.cc
wa.me
warp.plus
whatsapp.biz
whatsapp.com
whatsapp.net
wide-youtube.l.google.com
workers.dev
x.com
xhamster.com
xhamsterlive.com
xhcdn.com
xnxx-cdn.com
xnxx-ru.com
xnxx.com
xnxx.net
xnxx.tv
xnxx3.com
xv-ru.com
xvideos-cdn.com
xvideos.com
yande.re
youtu.be
youtube-nocookie.com
youtube-ui.l.google.com
youtube.com
youtubeembeddedplayer.googleapis.com
youtubei.googleapis.com
youtubekids.com
yt-video-upload.l.google.com
yt.be
yt3.googleusercontent.com
ytimg.com
ytimg.l.google.com
yting.com
yummyani.me
