*.discord.com
.ua
1.0.0.1
1.1.1.1
10minutemail.com
1337x.to
24.kg
4freerussia.org
4pda.to
4pda.ws
4pna.com
5sim.net
7dniv.rv.ua
7tv.app
7tv.io
9tv.co.il
a-v2.sndcdn.com
a-vrv.akamaized.net
a0.awsstatic.com
a2z.com
abercrombie.com
abook-club.ru
aboutamazon.co.uk
aboutamazon.com
aboutamazon.com.au
aboutamazon.de
aboutamazon.es
aboutamazon.eu
aboutamazon.fr
aboutamazon.in
aboutamazon.it
aboutamazon.jp
aboutamazon.pl
academy.terrasoft.ua
accounts.cdn.origin.com
accounts.ea.com
acmvalidations.com
acmvalidationsaws.com
activatica.org
activity.ea.com
adbappcontrol.com
adguard.com
adidas.com
adminforge.de
adobe.com
ads-twitter.com
adultmult.tv
aesworkshops.com
agents.media
ahrefs.com
ai-chat.bsg.brave.com
ai.com
ai.google.dev
aircanada.com
aisandbox-pa.googleapis.com
aistudio.google.com
akamai.net
akamaized.net
akc.org
alexa.com
allegro.pl
alphacoders.com
alterportal.net
alza.hu
amaaozn.com
amazfitwatchfaces.com
amazon-fashions.com
amazon-jp-recruiting.com
amazon-lantern.com
amazon-launchpad.com
amazon.ae
amazon.ca
amazon.co.jp
amazon.co.uk
amazon.com
amazon.com.au
amazon.com.br
amazon.com.mx
amazon.com.tr
amazon.de
amazon.dev
amazon.es
amazon.fr
amazon.in
amazon.it
amazon.jobs
amazon.jp
amazon.nl
amazon.red
amazon.sg
amazonalexavoxcon.com
amazonauthorinsights.com
amazonaws-china.com
amazonaws.biz
amazonaws.co.uk
amazonaws.com
amazonaws.info
amazonaws.net
amazonaws.org
amazonaws.tv
amazonbusiness.org
amazonbusinessblog.com
amazoncognito.com
amazondevicesupport.com
amazonfctours.com
amazonianblog.com
amazonimages.com
amazonlaunchpad.com
amazonliterarypartnership.com
amazonlumberyard.wang
amazonpay.com
amazonpay.in
amazonsdi.com
amazonses.com
amazonstudiosguilds.com
amazonvideodirect.com
amazonworkdocs.com
amdm.ru
amedia.site
amnezia.org
amplifyapp.com
amplifyframework.com
amplitude.com
ams-pageview-public.s3.amazonaws.com
amx.com
amzn.asia
amzn.com
amzn.to
amzndns.co.uk
amzndns.com
amzndns.net
amzndns.org
amznl.com
analog.com
analytic-1-0-13.live.virginia.dbd.bhvronline.com
andrevi.ch
android.clients.google.com
android.com
anidub.com
anilib.me
anilibria.org
anilibria.tv
anilibria.uno
anilibria.wtf
animaunt.org
anime-portal.su
animebest.org
animedia.tv
animego.gg
animego.me
animego.org
animespirit.ru
anistar.org
anistars.ru
annas-archive.org
ansys.com
anthropic.com
any.do
aol.com
apex.dm.origin.com
apex.prod.dm.origin.com
apex.r2-pc.stryder.respawn.com
apex.r3-pc.stryder.respawn.com
apex.r5-pc.stryder.respawn.com
apexlegends-a.akamaihd.net
apexlegends.com
apexstatic.cdn.origin.com
api-auth.soundcloud.com
api-gateway.europe.es-pio.net
api-gateway.us.es-pio.net
api-v2.soundcloud.com
api.discord.com
api.epicgames.dev
api.instagram.com
api.jetbrains.ai
api.origin.com
api.service-kp.com
api.theins.info
api.themoviedb.org
api.timezonedb.com
api1.origin.com
api2.origin.com
api3.origin.com
apkmirror.com
app.zerossl.com
arbat.media
arc.net
archive.ph
archiveofourown.org
archlinux.org
arduino.cc
argotunnel.com
artists.soundcloud.com
artstation.com
as6723.net
assets.heroku.com
assets.web.soundcloud.cloud
associates-amazon.com
atlas.gos.ea.com
atlas.telemetry.gos.ea.com
atlassian.com
atn.ua
att.com
attachments.f95zone.to
atv4.dnskp.cc
audiobookbay.lu
augmentcode.com
autodesk.com
avatar.cdn.origin.com
avira.com
aws-iot-hackathon.com
aws.com
awsapprunner.com
awsapps.com
awsautopilot.com
awsautoscaling.com
awsbraket.com
awscommandlineinterface.com
awsedstart.com
awseducate.com
awseducate.net
awseducate.org
awsglobalaccelerator.com
awsloft-johannesburg.com
awsloft-stockholm.com
awssecworkshops.com
awsstatic.com
awsthinkbox.com
awstrack.me
azathabar.com
azattyq.org
babook.org
bacon.secure.dyn.riotcdn.net
baginya.org
baikal-journal.ru
bard.google.com
bato.to
battlefield.com
battlefield1943.com
battlefield3.com
battlefield4.com
battlefield5.com
battlefieldheroes.com
battlefieldv.com
battlelog-cdn.origin.com
battlelog.bf1.cdn.origin.com
battlelog.com
bbc.co.uk
bbc.com
bbci.co.uk
bcbits.com
beacons.gvt2.com
beamng.com
bell-sw.com
bellingcat.com
bestbuy.com
bestchange.ru
betterttv.net
bf1.cdn.origin.com
bhvr.com
bhvrdbd.com
bhvrdbd.net
bihus.info
bitdefender.com
bitnami.com
bitru.org
blackseanews.net
blaze.ea.com
blinkshot.io
bluehost.com
booktracker.org
boominfo.org
booth.pm
booth.pximg.net
bosch.com
boschaftermarket.com
boschautoparts.com
botnadzor.org
brawlstarsgame.com
brill.live.bhvrdbd.com
broadcom.com
broncosportforum.com
bt4gprx.com
btdig.com
btod.com
buanzo.org
buf.build
bufferbloat.net
builds.parsec.app
buymeacoffee.com
byteoversea.com
canary.discord.com
canva.com
canva.dev
capacitorjs.com
capcut.com
capcutstatic.com
capcutvod.com
carnegieendowment.org
carrefouruae.com
cats.com
cbilling.eu
cbilling.vip
cdkworkshop.com
cdn-lfs-eu-1.hf.co
cdn-lfs-us-1.hf.co
cdn-lfs.hf.co
cdn-lfs.huggingface.co
cdn-telegram.org
cdn.cookielaw.org
cdn.deadbydaylight.com
cdn.discordapp.com
cdn.live.bhvrdbd.com
cdn.web-platform.io
cdnbunny.org
cdninstagram.com
cdnjs.com
cdromance.org
cdw.com
censor.net
censortracker.org
cf-hls-media.sndcdn.com
cf-hls-opus-media.sndcdn.com
cfargotunnel.com
cfl.re
championshipseriesleague.com
chaos.com
chat.com
chat.openai.com.cdn.cloudflare.net
chatgpt.com
chaturbate.com
check-host.net
cherta.media
chess.com
chesscomfiles.com
chub.ai
circlecrewpinkcrowd.com
cisco.com
cisecurity.org
citrix.com
clamav.net
clashofclans.com
clashroyaleapp.com
clashverge.dev
claude.ai
clerk.com
clerk.dev
clevelandclinic.org
clickup.com
client2pubsub.europe.es-pio.net
client2pubsub.us.es-pio.net
clients6.google.com
clip.opus.pro
cloudflare-dns.com
cloudflare-ech.com
cloudflare-esni.com
cloudflare-gateway.com
cloudflare-quic.com
cloudflare.com
cloudflare.net
cloudflare.tv
cloudflareaccess.com
cloudflareapps.com
cloudflarebolt.com
cloudflareclient.com
cloudflareinsights.com
cloudflareok.com
cloudflarepartners.com
cloudflareportal.com
cloudflarepreview.com
cloudflareresolve.com
cloudflaressl.com
cloudflarestatus.com
cloudflarestorage.com
cloudflarestream.com
cloudflaretest.com
cloudflarewarp.com
cloudfront.com
cloudfront.net
cloudtorrents.com
cms-twdigitalassets.com
cnd2exp.online
cock.li
code.gist.build
codeium.com
codelinaro.org
coingate.com
coinpayments.net
coinsbee.com
coldfilm.city
coldfilm.ink
coldfilm.xyz
colta.ru
comments.app
community.sophos.com
companion.ea.com
config.ea.com
config.psynet.gg
connect.ngrok-agent.com
connectivitycheck.gstatic.com
console.aws.a2z.com
contabo.com
containersonaws.com
content.ea.com
contest.com
convrgencegame.com
coomer.su
copilot.microsoft.com
corsair.com
coursera.org
cpu-monkey.com
crdroid.net
credly.com
croxyproxy.com
crunchyroll.com
csskor.ill.in.ua
cub.red
currenttime.tv
cursorinfo.co.il
cvedetails.com
cyberghostvpn.com
cyxymu.info
d1.awsstatic.com
d15wdfb2rw9n2y.cloudfront.net
d1hcxlifzhxzha.cloudfront.net
d1ws1c3tu8ejje.cloudfront.net
d2gff659so2qub.cloudfront.net
d36lkcxq7qra7v.cloudfront.net
daemon-tools.cc
dailylviv.com
danbooru.donmai.us
data-cdn.mbamupdates.com
data.cline.bot
dataportal.ea.com
deadbydaylight.com
deadbydaylight.fandom.com
deckbrew.xyz
decrypt.day
deepl.com
deepmind.com
deepmind.google
deepstatemap.live
deezer.com
delfi.lt
delfi.lv
delivery.2d.net.co
dell.com
dellcdn.com
depositphotos.com
desec.io
designer.microsoft.com
designify.com
developer.nvidia.com
devexpress.com
deviantart.com
dezyktpp25vy8.cloudfront.net
diabrowser.com
digash.live
digikey.com
digitalcontent.sky
digitalocean.com
dis.gd
discogs.com
discord-activities.com
discord-attachments-uploads-prd.storage.googleapis.com
discord.app
discord.center
discord.co
discord.com
discord.design
discord.dev
discord.gg
discord.gift
discord.gifts
discord.me
discord.media
discord.new
discord.status
discord.store
discord.tools
discordactivities.com
discordapp.com
discordapp.net
discordcdn.com
discordmerch.com
discordpartygames.com
discordsays.com
discordsez.com
discours.io
discourse-cdn.com
disctech.com
disneyplus.com
dl-ssl.google.com
dl.google.com
docs.liquibase.com
document360.com
document360.io
dorama.live
doramalive.ru
doramy.club
dovod.online
download.dm.origin.com
download3.omnissa.com
doxa.team
dpidetector.org
dradis-prod.rdatasrv.net
dreamhost.com
dreamina.capcut.com
drpool.io
ds-servers.com
dub.sh
ducati.com
dumka.media
dw.com
dwt.soundcloud.com
dyson.com
e-hentai.org
e621.net
eaaccounts.akamaized.net
eaassets-a.akamaihd.net
eamaster.akamai.com
eas-download.content.ea.com
easo.ea.com
easports.com
easss.ea.com
easu.ea.com
easydmarc.com
echofm.online
edgekey.net
editorx.com
edu-cisco.org
edx.org
ef.com
ef.edu
eggertspiele.de
ej.ru
ekhokavkaza.com
elasticbeanstalk.com
element14.com
elements.envato.com
elevenlabs.io
embed.cloudflarestream.com
encryptedsni.com
eneba.com
engage.cloudflareclient.com
eos-gateway-ingressv2-prod-c1-w2.befa.live.use1a.on.epicgames.com
eos-gateway-ingressv2-prod-c2-w1.befa.live.use1a.on.epicgames.com
eos-gateway-prod.ak.epicgames.com
epidemz.net.co
eporner.com
es-cf.net
es-pio.net
espreso.tv
etahub.com
etsy.com
euronews.com
euroradio.fm
eutrp.eu
everand.com
every1dns.net
exchanger.bits.media
exler.ru
expandrive.com
expres.online
extremetech.com
ezgif.com
f1.com
f95-zone.to
facebook.com
facebook.net
fansly.com
fast-torrent.club
fast.com
fastpic.org
fb.com
fbcdn.net
fbsbx.com
feapp.euw1.lol.pvp.net
feeds.feedburner.com
ffzap.com
ficbook.net
filebin.net
files.manus.cdn
filmitorrent.net
filmix.ac
filmix.biz
filmix.day
filmix.fan
filmix.fm
filmix.la
flclash.cc
flibusta.is
flibusta.net
flipboard.com
flir.com
flir.eu
flisland.net
flourish.studio
fls.guru
fluke.com
flukenetworks.com
flyertalk.com
fn-volga.ru
fna.fbcdn.net
fonge.org
footballapi.pulselive.com
force-user-content.com
force.com
forklog.com
formula1.com
fortanga.org
forum.bhvr.com
forum.netgate.com
forum.ru-board.com
forum.syncthing.net
fosshub.com
fossorial.io
foxnews.com
fragment.com
framer.com
frankerfacez.com
freedomletters.org
freeimages.com
freemedia.io
freeones.com
friendlyelec.com
frostbite.com
fxnetworks.com
g2a.com
gagadget.com
game-data.ea.com
game.hosting.epicgames.dev
gamedistribution.com
gamelift-ping.ap-east-1.api.aws
gamelift-ping.ap-northeast-1.api.aws
gamelift-ping.ap-northeast-2.api.aws
gamelift-ping.ap-southeast-1.api.aws
gamelift-ping.ap-southeast-2.api.aws
gamelift-ping.eu-central-1.api.aws
gamelift-ping.eu-west-1.api.aws
gamelift-ping.sa-east-1.api.aws
gamelift-ping.us-east-1.api.aws
gamelift-ping.us-west-2.api.aws
gamelift.eu-central-1.amazonaws.com
gameon-masters.com
gamesrepack.com
gamestop.com
gaming-sdk.com
gaming.amazon.com
gateway-us-east1-d.gaming-sdk.com
gateway.discord.gg
gdansk-amazon.com
geforcenow.com
gelbooru.com
geller-pa.googleapis.com
gemini.google
gemini.google.com
generativeai.google
generativelanguage.googleapis.com
genspark.ai
geolocation.onetrust.com
germania.one
getoutline.com
getoutline.org
gfn.am
ggpht.com
ggsel.com
ggsel.io
ggsel.net
ggsel.ru
ggsel1.io
ghostrc.game.idtech.services
gifyu.com
git.new
glavred.info
glavred.net
global.fncstatic.com
global.platform.seconddinnertech.com
global.stun.twilio.com
glpals.com
godaddy.com
gofile.io
gofundme.com
golosameriki.com
gonitro.com
goodreads.com
google-analytics.com
googleplay.com
googleusercontent.com
googlevideo.com
gos.ea.com
gosredirector.ea.com
gpsonextra.net
gpu-monkey.com
gql.twitch.tv
gr-assets.com
grafana.com
grani.ru
graph.org
graph.soundcloud.com
graty.me
graylog.org
grizzlysms.com
grok.com
groq.com
groupon.com
gstatic.com
guilded.gg
gulagu.net
gvt1.com
gvt2.com
gvt3.com
habr.com
hackernoon.com
hackmd.io
halooglasi.com
hashicorp.com
haydaygame.com
hbomax.com
hc-ping.com
hchk.io
hd-rezka.tv
hdkinoteatr.com
hdrezka.ac
hdrezka.ag
hdrezka.app
hdrezka.me
hdrezka.tech
hdrezka.tv
hdrzk.org
hdstudio.org
healthline.com
heavyfetish.com
help.every1dns.net
hentai-foundry.com
herokucdn.com
hetzner.cloud
hetzner.com
historyofdota.com
historyofdota.net
historyofdota.org
hitomi.la
hollisterco.com
holod.media
home-connect.com
home.by.me
hostgator.com
hostinger.com
hotels.com
housebrand.com
hqporner.com
hromadske.ua
hs.fi
htmhell.dev
huggingface.co
hume.ai
hybrid-analysis.com
i.instagram.com
i.sakh.com
ibm.com
ibytedtos.com
idelreal.org
iditelesombase.org
iedb.org
ig.me
ign.com
iherb.com
iichan.hk
ikea.com
ilook.tv
image.tmdb.org
imagedelivery.net
images-1.discordapp.net
images-2.discordapp.net
images-amazon.com
images-ext-1.discordapp.net
images-ext-2.discordapp.net
images.discordapp.net
imgur.com
important-stories.com
indeed.com
indiehackers.com
infineon.com
inoreader.com
insearch.site
instagram.com
install.launcher.omniverse.nvidia.com
instituteofwar.org
intel.com
intel.de
intel.nl
intelix.sophos.com
interactivebrokers.co.uk
interfax.com.ua
internalfb.com
intuit.com
intuitibits.com
ionos.com
iot334.com
ipinfo.app
iptv.online
is.fi
isbgpsafeyet.com
istories.media
itch.io
itninja.com
itsmycity.ru
ixxx.com
izzysoft.de
jamf.com
jellyfin.org
jetbrains.com
jetbrains.space
jinxxy.com
jnn-pa.googleapis.com
jskor.ill.in.ua
jules.google
jules.google.com
jut-su.net
jut.su
jutsu.tv
jw-russia.org
jw.org
kaktus.media
kaleido.ai
kamatera.com
kara.su
karing.app
kasparov.ru
kavkaz-uzel.eu
kavkazr.com
kemono.su
keysight.com
kilo.ai
kilocode.ai
kino.pub
kinogo.ec
kinogo.la
kinogo.uk
kinopub.me
kinovod.net
kinozal.guru
kinozal.me
kinozal.tv
kinozaltv.life
klarna.com
kmail-lists.com
knews.kg
knowyourmeme.com
kolsar.org
kor.ill.in.ua
korrespondent.net
kovcheg.live
krymr.com
kupujemprodajem.com
kym-cdn.com
kyoceradocumentsolutions.com
labs.google
lambdalabs.com
lamcdn.net
langdock.com
lantern.io
latest.live.dbd.bhvronline.com
launcher.LeagueofLegends.com
launcher.RiotClientServices.com
lcsmerch.com
ldoceonline.com
le-production.tv
leafletjs.com
leaguehighschool.com
leagueoflegends.ca
leagueoflegends.co.kr
leagueoflegends.com
leagueoflegends.info
leagueoflegends.kr
leagueoflegends.net
leagueoflegends.org
leagueoflegendsscripts.com
leaguesharp.info
leaguoflegends.com
learnwithleague.com
legalshield.com
lenso.ai
lgeapi.com
lgthinq.com
lh3.googleusercontent.com
lib.rus.ec
libgen.li
licdn.com
lidarr.audio
lifehacker.com
liga.net
lightning.ai
linear.app
lingq.com
linkedin.com
linktr.ee
livetv.sx
liveuamap.com
locals.md
localsend.org
lol-europe.com
lol.secure.dyn.riotcdn.net
lolclub.org
lolespor.com
lolesports.com
lolfanart.net
lolpcs.com
lolshop.co.kr
lolstatic.com
lolusercontent.com
lolz.guru
lookerstudio.google.com
lostfilm.download
lostfilm.tv
lostfilm.tw
lostfilm.uno
lostfilmtv2.site
lu4.org
lucid.app
magaz.global
magicalchemy.org
mail-api.proton.me
mailerlite.com
mailfence.com
mailinator.com
mailo.com
make.com
makersuite.google.com
malwarebytes.com
mangadex.org
mangahub.ru
mangapark.net
manjaro.org
manus.im
manybooks.net
manyvids.com
marvelsnap.com
mashable.com
mattermost.com
max.com
mbk-news.appspot.com
media-1.discordapp.net
media-2.discordapp.net
media-amazon.com
media-ext-1.discordapp.net
media-ext-2.discordapp.net
media.discordapp.net
mediazona.ca
medicalnewstoday.com
medium.com
meduza.io
mega.nz
megapeer.ru
megapeer.vip
merezha.co
meta.com
metacritic.com
metal-archives.com
metla.press
metopera.org
microchip.com
middlewareinventory.com
mignews.com
mintmobile.com
miracleptr.wordpress.com
mirror.chaotic.cx
mixcloud.com
modrinth.com
molesports.com
mongodb.com
monolisa.dev
monoprice.com
more.fm
moscowtimes.ru
mouser.com
mouser.fi
mssg.me
mullvad.net
multporn.net
muscdn.com
musical.ly
musicbrainz.org
musixmatch.com
mw2.wiki
myanimelist.net
mydoramy.club
myheritage.com
myjetbrains.com
myparallels.com
myqrcode.com
navalny.com
nba.com
neformat.com.ua
neo4j.com
netacad.com
netapp.com
netbird.io
netflix.ca
netflix.com
netflix.net
netflixinvestor.com
netflixtechblog.com
netlify.com
networksolutions.com
new.abb.com
newark.com
news.google.com
newsroom.porsche.com
newsru.co.il
newsru.com
newtimes.ru
nextcloud.com
nexusmods.com
nfl.com
nflxext.com
nflximg.com
nflximg.net
nflxsearch.net
nflxso.net
nflxvideo.net
ngrok.com
nhentai.com
nhentai.net
nhl.com
nih.gov
nike.com
nippon.com
nitropdf.com
nnmclub.to
nnmstatic.win
nordaccount.com
nordcdn.com
nordvpn.com
notebooklm.google
notebooklm.google.com
notepad-plus-plus.org
notion-emojis.s3-us-west-2.amazonaws.com
notion-static.com
notion.com
notion.new
notion.site
notion.so
novaline.fm
novaya.no
novayagazeta.eu
novayagazeta.ru
novyny.live
npcap.com
ns-1445.awsdns-52.org
ns-1745.awsdns-26.co.uk
ns-56.awsdns-07.com
ns-799.awsdns-35.net
ntc.party
ntp.msn.com
nude-moon.org
nxp.com
oaistatic.com
oaiusercontent.com
obozrevatel.com
ocbase.com
ocstore.com
oculus.com
ohmyswift.ru
oi.legal
okx.com
olx.ua
omnissa.com
omv-extras.org
one.one.one
one.one.one.one
onfastspring.com
onlinesim.io
onshape.com
openai.com
openh264.org
openmedia.io
openrailwaymap.org
openrouter.ai
opensanctions.org
opensea.io
opensubtitles.org
opentrackr.org
openwrt.org
opposition-news.com
oracle.com
ord38.telemetry.origin.com
origin.com
ovd.info
ovd.legal
ovd.news
ovdinfo.org
ovhcloud.com
ozodi.org
pacloudflare.com
paddle.com
paddlestatus.com
pages.dev
pandasecurity.com
pap.pl
paperpaper.io
paperpaper.ru
parallels.cn
parallels.com
parallels.net
parallelsaccess.com
paritydeals.com
pastebin.com
patreon.com
patreonusercontent.com
patriot.dp.ua
pb.wtf
pcgamesn.com
pcmag.com
penguin.com
penguinrandomhouse.com
periscope.tv
pexels.com
phncdn.com
phncdn.com.sds.rncdn7.com
photos.google.com
pimpletv.ru
pingdom.com
pinterest.com
piratbit.top
pixabay.com
pkgs.tailscale.com
platform.activestate.com
plati.io
plati.market
plati.me
plati.ru
platoons.ea.com
play-fe.googleapis.com
play-games.googleusercontent.com
play-lh.googleusercontent.com
play.google.com
play.googleapis.com
playboy.com
playvalorant.com
plugshare.com
polit.ru
politico.eu
politiken.dk
polymarket.com
pornhub.com
pornhub.org
pornolab.net
portal.lviv.ua
posle.media
posthog.com
postimees.ee
pravda.com
pravda.com.ua
premierleague.com
primeday.info
primevideo.com
primevue.org
privacy.xboxlive.com
privatekeys.pw
prnt.sc
proactivebackend-pa.googleapis.com
probe.ea.com
prod-lt-playstoregatewayadapter-pa.googleapis.com
prod-push-service-prod-on.epicgames.com
production-openaicom-storage.azureedge.net
proekt.media
profitwell.com
projectapex.com
prosleduetmedia.com
prostovpn.org
proton.me
protondb.com
protonvpn.com
provereno.media
prowlarr.com
proxy6.net
pscp.tv
psiphon.ca
ptb.discord.com
public.parsec.app
pvp.net
pvp.tv
pvpessence.com
qt.io
qualcomm.com
quicknode.com
quiz.directory
quora.com
quora.com.cdn.cloudflare.net
qwant.com
r4.err.ee
r5---sn-5hnekn7k.c.2mdn.net
r5---sn-5hnekn7s.c.2mdn.net
r5---sn-5hnekn7y.c.2mdn.net
r5---sn-5hnekn7z.c.2mdn.net
radiojar.com
radiosakharov.org
radiosvoboda.org
rbc.ua
rbxcdn.com
rbxinfra.net
reactflow.dev
realbooru.com
realist.online
recraft.ai
reddit.com
reddxxx.com
redgifs.com
redis.io
redislabs.com
redshieldvpn.com
refactoring.guru
remna.st
remove.bg
render-state.to
rentry.co
rentry.org
republic.ru
research.net
respawn.com
restream.io
returnyoutubedislikeapi.com
reve.art
rezka-ua.in
rezka.ag
rezka.cc
rezka.fi
rezka.land
rezka.my
rezka.tv
rezkify.com
rezonans.media
rf.dobrochan.net
rferl.org
rgpub.io
rima.media
riot-games.com
riot.com
riot.net
riotcdn.com
riotcdn.net
riotforgegames.com
riotgames.co.kr
riotgames.com
riotgames.es
riotgames.info
riotgames.jp
riotgames.net
riotgames.tv
riotpin.com
riotpoints.com
riperam.org
riseup.net
roar-review.com
robinfrontend-pa.googleapis.com
roblox.com
robloxdev.com
root-nation.com
roskomsvoboda.org
rstatic.net
rtcp.on.epicgames.com
rtm.tnt-ea.com
rublacklist.net
ruinedking.com
rule34.art
rule34.us
rule34.xxx
rulet.tv
rus.delfi.ee
rus.jauns.lv
ruscryde.net
russia1.discord.gg
russianfood.com
rustorka.com
rutor.info
rutor.is
rutor.org
rutracker.cc
rutracker.net
rutracker.org
rutracker.wiki
s3.amazonaws.com
sakhalin.info
sakharovfoundation.org
salesforce-experience.com
salesforce-hub.com
salesforce-scrt.com
salesforce-setup.com
salesforce-sites.com
salesforce.com
salesforceiq.com
salesforceliveagent.com
sap.com
saverudata.net
sci-hub.se
sci-hub.st
scontent-arn2-1.cdninstagram.com
scrollrevealjs.org
scryde.io
scryde.net
scryde.ru
scryde.world
scryde1.net
scryde10.net
scryde11.net
scryde12.net
scryde2.net
scryde3.net
scryde4.net
scryde5.net
scryde6.net
scryde7.net
scryde8.net
scryde9.net
sdxcentral.com
searchfloor.org
seasonvar.ru
selezen.org
semnasem.org
semrush.com
sentry.dev
sentry.io
sephora.com
servarr.com
severreal.org
sfdcopens.com
shikimori.me
shinyhardware.co.uk
shiza-project.com
shop.gameloft.com
showip.net
sibreal.org
siege-amazon.com
signal.org
signaling-service-prod.euc1.live.rtcp.on.epicgames.com
signaling-service-prod.eun1.live.rtcp.on.epicgames.com
signaling-service-prod.use1a.live.rtcp.on.epicgames.com
signin.aws.amazon.com
signin.ea.com
simplex.chat
simplex.im
simplix.info
sing-box.sagernet.org
singlekey-id.com
site.com
siteground.com
skat.media
sketchup.com
skiff.com
skladchik.com
sklatchiki.ru
sky.com
skycdp.com
slashlib.me
slavicsac.com
slifki.biz
smartbear.co
smartbear.com
smartdeploy.com
smods.ru
sms-activate.io
snapgene.com
sndcdn.com
snort.org
snyk.io
sobesednik.com
solarwinds.com
sonara.ai
sophos.com
sora.com
sotaproject.com
soundcloud.app.goo.gl
soundcloud.cloud
soundcloud.com
sovetromantica.com
spacelift.io
spankbang.com
speedtest.net
spektr.press
spiceworks.com
spiegel.de
spitfireaudio.com
spotify.com
spreadthesign.com
sputnikipogrom.com
squadbustersgame.com
squareup.com
squietpc.com
ssl-images-amazon.com
ssl-lvlt.cdn.ea.com
sso.amazonaws.com
stable.dl2.discordapp.net
startmail.com
startpage.com
static.cdninstagram.com
static.lostfilm.top
statology.org
stats.ea.com
status.discord.com
steam.live.bhvrdbd.com
steamcommunity.com
steampowered.com
steamstat.info
stitch.withgoogle.com
strana.news
strana.today
strava.com
stryder.respawn.com
stun.l.google.com
stun1.l.google.com
stun2.l.google.com
stun3.l.google.com
succurity.com
suggestqueries.google.com
supercell.com
supersliv.biz
support.anydesk.com
support.discord.com
support.xerox.com
supremacy.com
supremacy.net
surfshark.com
surveymonkey.com
suspilne.media
svidomi.in.ua
svoboda.org
svoi.kr.ua
svtv.org
swagger.io
swapd.co
swissinfo.ch
sxyprn.com
sxyprn.net
synoforum.com
t-invariant.org
t.co
t.me
tableau.com
talosintelligence.com
tayga.info
tdesktop.com
te-st.org
teamviewer.com
techbargains.com
telega.one
telegra.ph
telegraf.by
telegraf.news
telegram-cdn.org
telegram.dog
telegram.me
telegram.org
telegram.space
telegraph.co.uk
telemetr.io
telemetry.ea.com
telemetry.gos.ea.com
telemetry.origin.com
telemetry.prod.dm.origin.com
telesco.pe
tellapart.com
tempmail.plus
temu.com
terraform.io
tg.dev
the-village.ru
theaudiodb.com
thebarentsobserver.com
thebell.io
theins.press
theins.ru
themoviedb.org
thepiratebay.org
theporndude.com
thetruestory.news
thetvdb.com
thinkboxsoftware.com
threads.net
threema.ch
ti.com
tidal.com
tik-tokapi.com
tiktok.com
tiktokcdn-eu.com
tiktokcdn-us.com
tiktokcdn.com
tiktokd.net
tiktokd.org
tiktokv.com
tiktokv.eu
tiktokv.us
tiktokw.us
timberland.de
tiptop-vpn.com
tmdb-image-prod.b-cdn.net
tmdb.com
tmdb.org
toolbox.app
torproject.org
torrenteditor.com
torrentgalaxy.to
trae.ai
trailblazer.me
trailhead.com
transferwise.com
trellix.com
tria.ge
trueachievements.com
trueblackmetalradio.com
truthsocial.com
trycloudflare.com
tsmc.com
ttwstatic.com
tunemymusic.com
turbobit.net
turn-euc1.rtcp.on.epicgames.com
turn-eun1.rtcp.on.epicgames.com
turn.rtcp.on.epicgames.com
tuta.com
tuta.io
tutanota.com
tuya-inc.cn
tuya.com
tuyaaf.com
tuyacn.com
tuyaeu.com
tuyain.com
tuyaus.com
tvdevinfo.com
tvfreedom.io
tvrain.ru
tvrain.tv
tweetdeck.com
twimg.com
twin.me
twinlife-systems.com
twinme.com
twirpx.com
twitpic.com
twitter.biz
twitter.com
twitter.jp
twittercommunity.com
twitterflightschool.com
twitterinc.com
twitteroauth.com
twitterstat.us
twtrdns.net
twttr.com
twttr.net
twvid.com
tx.me
typing.com
uaudio.com
ubmidrupalcandd.s3-eu-west-1.amazonaws.com
ueberamazon.de
ui.ill.in.ua
uizard.io
ukdevilz.com
ukr.net
ukr.radio
ukrtelcdn.net
ulol.com
unian.ua
unscreen.com
unsplash.com
updates.discord.com
upwork.com
urlr.me
us-east123.discord.gg
usa.one
usatoday.com
use.typekit.net
usercontent.dev
usher.ttvnw.net
v.vrv.co
vagrantcloud.com
valorant.scd.riotcdn.net
valorant.secure.dyn.riotcdn.net
veeam.com
verstka.media
vesma.one
vesma.today
vesty.co.il
viber.com
vice.com
videodelivery.net
vine.co
vipergirls.to
visualcapitalist.com
vmware.com
vndb.org
voanews.com
vod-fy.crunchyrollcdn.com
vod.streamgum.com
voidboost.cc
volkswagen-classic-parts.com
vot-tak.tv
vpngate.net
vpngen.org
vpnlove.me
vpnpay.io
vrchat.cloud
vrchat.com
vyos.io
w.atwiki.jp
wa.me
walmart.com
warp.plus
watchguard.com
watermarkremover.io
wbagora.com
wbgames.com
wbinsights.com
weather.com
webmd.com
webnames.ca
webtoons.com
weebly.com
welt.de
whatsapp-plus.info
whatsapp-plus.me
whatsapp-plus.net
whatsapp.biz
whatsapp.cc
whatsapp.com
whatsapp.info
whatsapp.net
whatsapp.org
whatsapp.tv
whatsappbrand.com
whoer.net
wide-youtube.l.google.com
widgetapp.stream
wiki.fextralife.com
wikidot.com
wilsoncenter.org
windows10spotlight.com
windowsupdate.com
windsurf.com
wise.com
wl.co
wonderzine.com
workers.dev
wpengine.com
writerscafe.s3.amazonaws.com
wunderground.com
wwnd.space
www3.corsair.com
x.ai
x.com
xhamster.com
xhamsterlive.com
xhcdn.com
xiaomi.eu
xnxx-cdn.com
xnxx-ru.com
xnxx.com
xnxx.net
xnxx.tv
xnxx3.com
xraycore.org
xsts.auth.xboxlive.com
xtracloud.net
xv-ru.com
xvideos-cdn.com
xvideos.com
yamaxun.com
yande.re
yarnpkg.com
yeggi.com
yle.fi
youtrack.cloud
youtu.be
youtube-nocookie.com
youtube-ui.l.google.com
youtube.com
youtubeembeddedplayer.googleapis.com
youtubei.googleapis.com
youtubekids.com
yt-video-upload.l.google.com
yt.be
yt3.ggpht.com
yt3.googleusercontent.com
yt4.ggpht.com
ytimg.com
ytimg.l.google.com
yting.com
yummyani.me
zahav.ru
zapier.com
zaxid.net
zbigz.com
zedge.net
zendesk.com
zerkalo.io
zerotier.com
zona.media
