.ua
1000maketov.plati.io
10minutemail.com
1337x.to
1cguru.plati.ru
1leks.plati.ru
1pr.plati.ru
222.plati.market
22vek.plati.io
22vek.plati.ru
24.kg
312.plati.ru
314com.plati.market
3tajioh.plati.ru
3zoom.plati.ru
4freerussia.org
4pda.to
4pda.ws
4pna.com
4wmz.plati.market
5sim.net
6ekoh.plati.ru
731.plati.market
731.plati.ru
7dniv.rv.ua
7tv.app
7tv.io
9000.plati.market
9tv.co.il
a.ggsel.com
a.plati.market
a.plati.ru
abercrombie.com
abook-club.ru
absshop.plati.ru
academy.terrasoft.ua
accaunts.plati.ru
account_center20.plati.io
ach.plati.ru
action.plati.ru
activatica.org
addwm.plati.ru
adeptus.plati.ru
adguard.com
adidas.com
admin-pack.prod.ggsel.com
adminforge.de
adminion.plati.ru
adobe.com
ads-twitter.com
adultmult.tv
adv.plati.market
adv.plati.ru
adw.plati.ru
adwords.plati.market
afee.plati.ru
afloor.plati.ru
agents.media
aholy.plati.market
ahrefs.com
ai-chat.bsg.brave.com
ai.com
ai.google.dev
aifree.plati.ru
aionmania.plati.market
aionmania.plati.ru
aisandbox-pa.googleapis.com
aistudio.google.com
aizi.ggsel.com
alaric.plati.market
alchemy.plati.ru
alexbox.plati.ru
alice2k.plati.market
alice2k.plati.ru
alinastudio.plati.ru
alipay-china.plati.ru
alkal.plati.ru
allabout.plati.ru
allegro.pl
allforgamers.plati.ru
alpha-shop.plati.market
alphacoders.com
altus3d.plati.ru
alza.hu
amazfitwatchfaces.com
amazon.com
amdm.ru
amedia.plati.market
amedia.plati.ru
amedia.site
amnezia.org
amplitude.com
amx.com
amygdala.plati.market
analog.com
andor.plati.ru
andrevi.ch
android.clients.google.com
android.com
angenshop.plati.market
anidub.com
anilib.me
anilibria.org
anilibria.tv
anilibria.uno
anilibria.wtf
animaunt.org
anime-portal.su
animebest.org
animedia.tv
animego.gg
animego.me
animego.org
animespirit.ru
anistar.org
anistars.ru
annas-archive.org
ansys.com
anthropic.com
antosha.plati.ru
anufriy.plati.ru
aol.com
api-dashboard.ggsel.net
api.ggsel.com
api.jetbrains.ai
api.service-kp.com
api.theins.info
api.themoviedb.org
api2.ggsel.com
api3.ggsel.com
api4.ggsel.com
apkmirror.com
app.zerossl.com
arashvg.plati.market
arashvg.plati.ru
arbat.media
archive.ph
archiveofourown.org
archlinux.org
area52.plati.market
areagames.plati.market
areagames.plati.ru
arkwill.plati.market
arkwill.plati.ru
arma3.plati.market
arma3.plati.ru
artsonik.plati.market
artstation.com
as6723.net
asergo.plati.ru
asergon.plati.ru
ask4.plati.ru
asq1x.plati.market
asq1x.plati.ru
assets.heroku.com
atn.ua
att.com
attachments.f95zone.to
audiobook.plati.io
audiobookbay.lu
ausoft.plati.ru
autodesk.com
autya.plati.ru
avdsm.plati.ru
avira.com
azathabar.com
azattyq.org
b2b-api.ggsel.com
b2b.ggsel.net
babki.plati.ru
babook.org
back-office.dev-1.ggsel.com
back-office.dev-2.ggsel.com
back-office.dev1.ggsel.com
back-office.dev2.ggsel.com
back-office.ggsel.net
back-office.pixelporto.ggsel.com
back-office.prod.ggsel.com
back-office.staging.ggsel.com
backoffice.dev1.ggsel.com
backoffice.dev2.ggsel.com
backoffice.staging.ggsel.com
baginya.org
baikal-journal.ru
bapp.plati.ru
bard.google.com
bato.to
battlegames.plati.ru
bazaar.plati.ru
bbbdota.plati.market
bbbdota.plati.ru
bbc.co.uk
bbc.com
bbci.co.uk
bcbits.com
beacons.gvt2.com
beadeddruid.plati.market
beadeddruid.plati.ru
beamng.com
beesyst.plati.market
beesyst.plati.ru
belarus.plati.market
belarus.plati.ru
bell-sw.com
bellingcat.com
belov.plati.ru
belyi.plati.ru
best.plati.ru
bestbuy.com
bestbuy.plati.ru
bestchange.ru
besttovarbest.plati.ru
beta.plati.market
betting.plati.ru
bezwm.plati.ru
bigking.plati.market
bigking.plati.ru
bigsale.plati.market
bihus.info
bikbol.plati.ru
billow.plati.ru
bim.plati.ru
bintrade.plati.io
bintrade.plati.market
bitdefender.com
bitnami.com
bitru.org
blackseanews.net
blaga.plati.ru
blinkshot.io
blog.plati.ru
blogineta.plati.ru
bluehost.com
bobank.plati.io
bodriyru.plati.ru
bonus-gold.plati.ru
bonus.plati.ru
booktracker.org
boominfo.org
boomzoom.plati.market
booth.pm
booth.pximg.net
bosch.com
boschaftermarket.com
boschautoparts.com
botnadzor.org
brawlstarsgame.com
broadcom.com
broncosportforum.com
bssperm.plati.ru
bt4gprx.com
btdig.com
btod.com
bu1.plati.market
bu1.plati.ru
buanzo.org
buf.build
builds.parsec.app
buka.plati.ru
buy100.plati.ru
buyaccs.plati.market
buymeacoffee.com
byteoversea.com
canva.com
canva.dev
capacitorjs.com
capcut.com
cardsale.plati.market
cardsale.plati.ru
cardshop.plati.market
cardshop.plati.ru
carnegieendowment.org
carrefouruae.com
catalog_tovarov.plati.ru
cats.com
cbilling.eu
cbilling.vip
cdkeytrade.plati.market
cdkeytrade.plati.ru
cdn.web-platform.io
cdnbunny.org
cdninstagram.com
cdromance.org
cdw.com
censortracker.org
cent.plati.market
chaos.com
chat.com
chat.openai.com.cdn.cloudflare.net
chatgpt.com
chaturbate.com
check-host.net
chekist.plati.io
cherkassy.plati.ru
cherta.media
chess.com
cicd.ggsel.com
cifroshop.plati.ru
cisco.com
cisecurity.org
citrix.com
clamav.net
clashofclans.com
clashroyaleapp.com
clashverge.dev
claude.ai
clerk.com
clerk.dev
clickup.com
clients6.google.com
clip.opus.pro
cloudflare.com
cloudtorrents.com
cms-base.plati.market
cms-base.plati.ru
cms-twdigitalassets.com
cnd2exp.online
cock.li
code.gist.build
codeium.com
coingate.com
coinpayments.net
coinsbee.com
coldfilm.xyz
colta.ru
com.plati.ru
community.sophos.com
connectivitycheck.gstatic.com
construktor.plati.market
construktor.plati.ru
contabo.com
content.plati.ru
coomer.su
coop-land.plati.io
coop-land.plati.ru
copilot.microsoft.com
corp.plati.ru
corsair.com
coursera.org
cpaking.plati.ru
cpu-monkey.com
crabbs.plati.market
crabbs.plati.ru
crazystyle.plati.ru
credly.com
crockovich-shop.plati.ru
crunchyroll.com
cs16.plati.ru
csgoshop.plati.ru
csskor.ill.in.ua
csteam.plati.ru
cub.red
currenttime.tv
cursorinfo.co.il
cvedetails.com
cyberghostvpn.com
cyberia.plati.market
cyberlines.plati.market
cybermake.plati.market
cybermake.plati.ru
cyxymu.info
daemon-tools.cc
dammoney.plati.io
danbooru.donmai.us
dark-games.plati.ru
darkv0id.plati.ru
dashboard.ggsel.net
data-cdn.mbamupdates.com
data.cline.bot
datasheet.plati.market
datasheet.plati.ru
dayzwiki.plati.market
dayzwiki.plati.ru
dba.plati.ru
dead-island.plati.ru
dealmark.plati.market
dealmark.plati.ru
decrypt.day
deepl.com
deepmind.com
deepmind.google
deepstatemap.live
deezer.com
deft.plati.ru
delfi.lt
delfi.lv
delivery.2d.net.co
dell.com
dellcdn.com
deneg.plati.market
denisyakovlev.plati.market
depositphotos.com
desec.io
designer.microsoft.com
designify.com
dev.ggsel.com
dev.plati.io
developer.nvidia.com
deviantart.com
diablo-3.plati.io
digash.live
digikey.com
digireal.plati.market
digireal.plati.ru
digital-products.plati.ru
digitalcontent.sky
digitalkey.plati.ru
digitalocean.com
digitalpro.plati.market
digitalpro.plati.ru
digitals.plati.ru
digitex.plati.io
dikij.plati.market
dikij.plati.ru
dimych23.plati.market
dimych23.plati.ru
dis.gd
discogs.com
discord-activities.com
discord-attachments-uploads-prd.storage.googleapis.com
discord.co
discord.com
discord.design
discord.dev
discord.gg
discord.gift
discord.gifts
discord.media
discord.new
discord.store
discord.tools
discordactivities.com
discordapp.com
discordapp.net
discordmerch.com
discordpartygames.com
discordsays.com
discours.io
disctech.com
disneyplus.com
djgelius.plati.ru
dl-ssl.google.com
dl.google.com
dobro.plati.market
dobro.plati.ru
docs.liquibase.com
dodther.plati.ru
dok.plati.ru
dokartist.plati.ru
dolar.plati.ru
dollars.plati.ru
dominicana-victoria.plati.ru
dorama.live
doramalive.ru
doramy.club
dovod.online
download3.omnissa.com
doxa.team
dpidetector.org
dream.plati.ru
dreamhost.com
ducati.com
dw.com
e621.net
echofm.online
editorx.com
edram.plati.io
edram.plati.ru
edu-cisco.org
edx.org
eee.plati.ru
ef.com
ef.edu
eggertspiele.de
ej.ru
ekhokavkaza.com
ekvium.plati.ru
element14.com
elements.envato.com
elevenlabs.io
elex.plati.market
ellectrogold.plati.io
embroidery.plati.ru
emerald-fairytales.plati.ru
enterpay.plati.ru
epidemz.net.co
epidemz.plati.market
epidemz.plati.ru
eporner.com
era.plati.ru
espby.plati.ru
etahub.com
etsy.com
euronews.com
euroradio.fm
eutrp.eu
evcard.plati.ru
eve-online.plati.ru
everand.com
evernote.plati.ru
evotech.plati.ru
excellentgames.plati.market
exchanger.bits.media
exler.ru
expandrive.com
expforex.plati.market
expforex.plati.ru
expres.online
extremetech.com
ezgif.com
ezo.plati.ru
f1.com
f95-zone.to
face2005.plati.ru
facebook.com
facebook.net
fansly.com
fartuna.plati.ru
fast-seller.plati.ru
fast-torrent.club
fast.com
fast.plati.ru
faster.plati.ru
fb.com
fbcdn.net
fbsbx.com
fesukc.plati.ru
fformula.plati.ru
ficbook.net
filebin.net
files.manus.cdn
filmitorrent.net
filmix.ac
filmix.biz
filmix.day
filmix.fm
filmix.la
finans.plati.market
finans.plati.ru
fixshop.plati.ru
flclash.cc
flibusta.is
flibusta.net
flipboard.com
flir.com
flir.eu
flourish.studio
fls.guru
fluke.com
flukenetworks.com
flyertalk.com
fn-volga.ru
fonge.org
footballapi.pulselive.com
force-user-content.com
force.com
forklog.com
formula1.com
fortanga.org
forum.netgate.com
forum.ru-board.com
forum.syncthing.net
fosshub.com
fossorial.io
foxnews.com
framer.com
freedomletters.org
freegames.plati.ru
freeimages.com
freemedia.io
freeweblance.plati.ru
funny-money.plati.ru
fxnetworks.com
g-engine.vpn.ggsel.com
g-sellers-back-office-web.ggsel.com
gagadget.com
gaiwaik.plati.ru
gala.plati.market
gala.plati.ru
galazon.plati.market
galazon.plati.ru
galer.plati.ru
game-monstr.plati.ru
gamecod.plati.market
gamecod.plati.ru
gamedistribution.com
gamefarm.plati.market
gamefarm.plati.ru
gamemat.plati.ru
gamepath.plati.ru
gamerpgmoney.plati.io
games.plati.market
games.plati.ru
games13.plati.ru
gamesbestpro.plati.ru
gamesby.plati.ru
gameskeys.plati.ru
gamesrepack.com
gaming.amazon.com
gamx.plati.ru
garant.plati.ru
garantia.plati.ru
garfunkel.plati.ru
geforcenow.com
gekich.plati.ru
gelbooru.com
geller-pa.googleapis.com
gemini.google
gemini.google.com
geminus.plati.io
generativeai.google
generativelanguage.googleapis.com
geolocation.onetrust.com
germania.one
getnck.plati.market
getoutline.com
getoutline.org
gfn.am
ggpht.com
ggsel.com
ggsel.io
ggsel.net
ggsel.ru
ghostrc.game.idtech.services
giftland.plati.market
giftland.plati.ru
gig.plati.market
gig.plati.ru
gipersait.plati.market
gipersait.plati.ru
gitlab.ggsel.com
glauinfo.plati.ru
global-mmf.plati.ru
global.fncstatic.com
global.platform.seconddinnertech.com
globalgame.plati.io
globalgame.plati.ru
glpals.com
godaddy.com
gofile.io
gofundme.com
gog.plati.ru
goldec.net.plati.ru
goldergame.plati.market
goldergame.plati.ru
goldfarming.plati.ru
goldmega.plati.market
goldmega.plati.ru
goldsoft.plati.market
goldsoft.plati.ru
golosameriki.com
gonitro.com
gooddeal.plati.ru
goodkey.plati.ru
goodok.plati.io
goodok.plati.ru
goodreads.com
google-analytics.com
googleplay.com
googleusercontent.com
googlevideo.com
gorlum.plati.market
gorlum.plati.ru
gpsonextra.net
gpu-monkey.com
gql.twitch.tv
gr-assets.com
grafana.com
grafana.ggsel.com
grani.ru
graty.me
graylog.org
grizzlysms.com
grok.com
groq.com
groupon.com
gstatic.com
gt-fun.plati.market
gt-fun.plati.ru
gtk.plati.ru
guideswow.plati.ru
guilded.gg
gulagu.net
guria.plati.io
gvt1.com
gvt2.com
gvt3.com
h2o2.plati.ru
habr.com
hackernoon.com
hackmd.io
halooglasi.com
haos.plati.market
happygames.plati.market
happygames.plati.ru
hashicorp.com
haydaygame.com
hbomax.com
hc-ping.com
hchk.io
hd-rezka.tv
hdkinoteatr.com
hdrezka.ac
hdrezka.ag
hdrezka.me
healthline.com
heavyfetish.com
helpvsem.plati.ru
hentai-foundry.com
herokucdn.com
hetzner.cloud
hetzner.com
hit-hs5.plati.ru
hius.plati.ru
hnbsk-portal.plati.ru
hollisterco.com
holod.media
home-connect.com
home.by.me
hostgator.com
hostinger.com
hotels.com
hqporner.com
hromadske.ua
hs.fi
htmhell.dev
i-soft.plati.market
i-soft.plati.ru
i.sakh.com
ibm.com
ibytedtos.com
icqsell.plati.ru
idelreal.org
iditelesombase.org
idram.plati.market
idram.plati.ru
iedb.org
ifua.plati.ru
ig.me
ign.com
igorgame.plati.market
igorgame.plati.ru
igroshop.plati.market
igroshop.plati.ru
igrovie-dengi.plati.ru
igrozabor.plati.market
igrozabor.plati.ru
iherb.com
ihuman.plati.ru
iichan.hk
iigames.plati.ru
ikea.com
ikillerzzz.plati.ru
ilook.tv
iluxa.plati.ru
image.tmdb.org
images.ggsel.ru
img.ggsel.com
img.ggsel.ru
imgur.com
imiks.plati.market
imiks.plati.ru
important-stories.com
indiehackers.com
infineon.com
inoreader.com
insearch.site
instagram.com
install.launcher.omniverse.nvidia.com
instock.plati.ru
intel.com
intel.de
intel.nl
intel.plati.ru
intelix.sophos.com
intells.plati.ru
interactivebrokers.co.uk
interfax.com.ua
internalfb.com
internet-support.plati.ru
intuit.com
intuitibits.com
intv.plati.ru
ionos.com
iot334.com
ipil77.plati.market
ipil77.plati.ru
ipinfo.app
ipload.plati.io
ipload.plati.market
ipload.plati.ru
iptv.online
irongamers.plati.market
irussia.plati.market
irussia.plati.ru
is.fi
istories.media
itninja.com
itsec.plati.ru
itsmycity.ru
ivsofte.plati.market
ixxx.com
izzysoft.de
jackiechan.plati.io
jackiechan.plati.market
jackiechan.plati.ru
jamf.com
jetbrains.com
jetbrains.space
jets.plati.market
jets.plati.ru
jinxxy.com
jkeks.plati.market
jkeks.plati.ru
jnn-pa.googleapis.com
jskor.ill.in.ua
juicy-bublik.plati.ru
jules.google
jules.google.com
jut-su.net
jut.su
jw-russia.org
jw.org
kaa.plati.ru
kachestvo.plati.market
kaktus.media
kaleido.ai
kamatera.com
kamondimon.plati.ru
kanekt.plati.ru
kara.su
karing.app
kasparov.ru
katalog47.plati.ru
kavkaz-uzel.eu
kavkazr.com
kelog.plati.ru
kemono.su
kennygames.plati.ru
keybuygame.plati.ru
keym.plati.ru
keys-shop.plati.market
keys-shop.plati.ru
keysight.com
khusainov.plati.ru
kinginfo.plati.ru
kingpro.plati.ru
kino.pub
kinogo.ec
kinogo.la
kinogo.uk
kinovod.net
kinoxi.plati.ru
kinozal.guru
kinozal.me
kinozal.tv
kinozaltv.life
kit-jobs.plati.ru
klacc.plati.ru
klass.plati.market
klass.plati.ru
kmail-lists.com
knews.kg
knowyourmeme.com
kokos.plati.ru
kolsar.org
konvenrus.plati.market
kor.ill.in.ua
korotkov.plati.ru
korrespondent.net
kortulsgameroom.plati.market
kovcheg.live
kreg.plati.io
krsk.plati.ru
krylovbooks.plati.market
krylovbooks.plati.ru
krymr.com
kuharbogdan.plati.ru
kupilka.plati.ru
kupujemprodajem.com
kym-cdn.com
kypit2017.plati.ru
la2.plati.ru
labore_et_zelo.plati.ru
labs.google
lambdalabs.com
lamcdn.net
langdock.com
lantern.io
lastwm.plati.ru
ldoceonline.com
le-production.tv
leafletjs.com
lexnuke.plati.market
lexnuke.plati.ru
lgeapi.com
lgthinq.com
lh3.googleusercontent.com
libgen.li
licdn.com
license-store.plati.ru
licensedsoft.plati.ru
lidarr.audio
lifehacker.com
lightning.ai
lilita.plati.ru
lineage2.plati.ru
linear.app
linkedin.com
linktr.ee
litbiz.plati.ru
livekey.plati.ru
livetv.sx
liveuamap.com
locals.md
lolz.guru
lookerstudio.google.com
loony.plati.ru
lopwa.plati.ru
lostfilm.download
lostfilm.tv
lostfilmtv2.site
lu4.org
lucid.app
m.plati.io
magicalchemy.org
magma-store.plati.ru
magmastore.plati.ru
mail-api.proton.me
mail.plati.io
mail.plati.ru
mailerlite.com
mailfence.com
mailinator.com
mailo.com
main.plati.ru
majesty.plati.market
majesty.plati.ru
majev.plati.ru
make.com
makersuite.google.com
malovato.plati.market
malwarebytes.com
mangadex.org
mangahub.ru
mangapark.net
manjaro.org
manus.im
manyvids.com
mao.plati.ru
marfa.plati.ru
marikon.plati.market
marikon.plati.ru
marino.plati.market
marvelsnap.com
mashable.com
master-card.plati.market
master_suxov.plati.market
masterkey.plati.ru
material.plati.ru
mattermost.com
mavals.plati.ru
max.com
maximnara.plati.market
maximnara.plati.ru
mbk-news.appspot.com
mckay.plati.ru
media-group.plati.ru
mediagame.plati.market
mediasoft.plati.market
mediasoft.plati.ru
mediazona.ca
medicalnewstoday.com
medium.com
meduza.io
megapeer.ru
megapeer.vip
megasergei.plati.market
megasergei.plati.ru
melikramin.plati.ru
merezha.co
meta.com
metacritic.com
metal-archives.com
metla.press
metopera.org
middlewareinventory.com
mig.plati.ru
mignews.com
mir-online.plati.market
mir-online.plati.ru
miracleptr.wordpress.com
mirpay.plati.market
mirpay.plati.ru
mirror.chaotic.cx
mistereo.plati.io
mixcloud.com
mmomoney.plati.market
mmomoney.plati.ru
mmopeon.plati.market
mmopeon.plati.ru
mmoplus.plati.ru
mne.plati.market
mobile-world.plati.ru
money.plati.ru
moneystream.plati.market
moneystream.plati.ru
mongodb.com
monoprice.com
moongoost.plati.ru
more.fm
moscowtimes.ru
moshi.plati.market
mouser.fi
mssg.me
mtsvoucher.plati.ru
mulhouse.plati.ru
mullvad.net
multporn.net
muscdn.com
musical.ly
musixmatch.com
mvd.plati.market
mvd.plati.ru
mw2.wiki
mxnticek.plati.ru
mydoramy.club
myheritage.com
myjetbrains.com
mymag.plati.ru
myparallels.com
myqrcode.com
mysqlcontent.plati.ru
myzeny.plati.ru
mzcoding.plati.ru
navalny.com
nba.com
ncsoft.plati.ru
needforplay.plati.ru
neformat.com.ua
neo4j.com
nervana.plati.market
nervana.plati.ru
nes.plati.ru
netbird.io
netflix.ca
netflix.com
netflix.net
netflixinvestor.com
netflixtechblog.com
netlify.com
networksolutions.com
neuroarthero.plati.market
newark.com
news.google.com
newsroom.porsche.com
newsru.co.il
newsru.com
newtimes.ru
newtrader.plati.ru
nextcloud.com
nextgift.plati.ru
nexusmods.com
nfl.com
nflxext.com
nflximg.com
nflximg.net
nflxsearch.net
nflxso.net
nflxvideo.net
ngrok.com
nhentai.com
nhentai.net
nhl.com
nickcd.plati.market
nickcd.plati.ru
nidorogo.plati.ru
night-money.plati.market
night-money.plati.ru
nih.gov
nike.com
nippon.com
nitropdf.com
nnmclub.to
nnmstatic.win
nodemind.plati.ru
nogood.plati.market
nogood.plati.ru
nordaccount.com
nordcdn.com
nordvpn.com
not21.plati.ru
notebooklm.google
notebooklm.google.com
notepad-plus-plus.org
notion-emojis.s3-us-west-2.amazonaws.com
notion-static.com
notion.com
notion.new
notion.site
notion.so
novaline.fm
novaya.no
novayagazeta.eu
novayagazeta.ru
noy.plati.ru
nrozental.plati.ru
ntc.party
ntp.msn.com
numbyk.plati.ru
nxp.com
nyka.plati.ru
oaistatic.com
oaiusercontent.com
ocbase.com
ocstore.com
oculus.com
office.plati.ru
ohmyswift.ru
oi.legal
okx.com
ollyvs.plati.ru
olx.ua
omnissa.com
omv-extras.org
oneclick-base.plati.ru
onfastspring.com
onlain.plati.ru
online-shoping.plati.ru
online.plati.io
onlinesim.io
onshape.com
openai.com
openh264.org
openmedia.io
openrouter.ai
opensanctions.org
opensea.io
openwrt.org
oplatil.plati.ru
opposition-news.com
optimizsite.plati.ru
optiroam.plati.io
oracle.com
org.plati.market
org.plati.ru
oson.ggsel.com
ovd.info
ovd.legal
ovd.news
ovdinfo.org
ozodi.org
p01.plati.ru
p02.plati.ru
p03.plati.ru
pacher2.plati.ru
pages.dev
panzerx.plati.ru
pap.pl
paperpaper.io
paperpaper.ru
parallels.cn
parallels.com
parallels.net
parallelsaccess.com
param.plati.market
param.plati.ru
partner.plati.ru
password.plati.market
password.plati.ru
pastebin.com
patreon.com
patriot.dp.ua
pay24.plati.market
payments.dev-1.ggsel.com
payments.dev-2.ggsel.com
payments.dev1.ggsel.com
payments.dev2.ggsel.com
payments.pixelporto.ggsel.com
payments.staging.ggsel.com
paynplay.plati.market
payusa.plati.ru
pb.wtf
pcgamesn.com
pcmag.com
pegas-studio.plati.ru
penguin.com
penguinrandomhouse.com
pereira.plati.ru
periscope.tv
permvisa.plati.ru
peterlife.plati.ru
pexels.com
phncdn.com
phncdn.com.sds.rncdn7.com
photos.google.com
phpmyadmin.ggsel.com
pimpletv.ru
pingdom.com
pinsell.plati.ru
piratbit.top
pixabay.com
pkgs.tailscale.com
platform.activestate.com
plati-skype.plati.io
plati-skype.plati.ru
plati.io
plati.market
plati.market.digitalgoodsmarketplace.plati.market
plati.ru
platimob.plati.market
platimob.plati.ru
platiru.plati.ru
play-fe.googleapis.com
play-games.googleusercontent.com
play-lh.googleusercontent.com
play.google.com
play.googleapis.com
playboy.com
playkey.plati.ru
playpal.plati.market
playpal.plati.ru
plugshare.com
podkop.net
polit.ru
politex.plati.ru
politico.eu
politiken.dk
polymarket.com
pomuk.plati.market
pomuk.plati.ru
pony.plati.ru
pornhub.com
pornhub.org
pornolab.net
portal.lviv.ua
posle.media
poster.plati.ru
postimees.ee
pozdeev.plati.market
pozdeev.plati.ru
pravda.com
pravda.com.ua
premierleague.com
pri.plati.ru
pri5.plati.ru
priglashenie.plati.ru
primevideo.com
primo.plati.market
primo.plati.ru
privatekeys.pw
prnt.sc
pro100shop.plati.ru
proactivebackend-pa.googleapis.com
probloging.plati.ru
procheat.plati.market
prod-lt-playstoregatewayadapter-pa.googleapis.com
prodam.plati.ru
proday.plati.ru
prodazha.plati.market
prodazha.plati.ru
production-openaicom-storage.azureedge.net
produkt.plati.ru
proekt.media
progmist.plati.ru
promokeyscard.plati.ru
prosleduetmedia.com
prostovpn.org
proton.me
protondb.com
protonvpn.com
provereno.media
provocateur.plati.market
prowlarr.com
proxyhub.plati.market
proxyhub.plati.ru
pscp.tv
psiphon.ca
public.parsec.app
push.ggsel.net
qt.io
quora.com
quora.com.cdn.cloudflare.net
r4.err.ee
radio1924.plati.ru
radiosakharov.org
radiosvoboda.org
radspectrum.plati.ru
rampage.plati.ru
raspr0dazha.plati.ru
ratioshop.plati.ru
rawdeal.plati.market
rawdeal.plati.ru
ray32cs.plati.ru
rbc.ua
reactflow.dev
realist.online
realworld.plati.ru
recraft.ai
reddxxx.com
redgifs.com
redirect.ggsel.com
redis.io
redislabs.com
redmacro.plati.market
redsarmy.plati.ru
redshieldvpn.com
refactoring.guru
region-yug.plati.ru
registry.gitlab.ggsel.com
remna.st
remove.bg
render-state.to
rentry.co
rentry.org
reporter.ggsel.com
republic.ru
resail.plati.ru
research.net
resetyourprinter.plati.market
returnyoutubedislikeapi.com
reve.art
rezka-ua.in
rezka.ag
rezka.my
rezkify.com
rezonans.media
rf.dobrochan.net
rferl.org
rfsoft.plati.ru
rgr777.plati.ru
richast.plati.ru
rima.media
riperam.org
riseup.net
riuhelp.plati.ru
roar-review.com
romawka.plati.market
romawka.plati.ru
root-nation.com
roskomsvoboda.org
rublacklist.net
rule34.art
rule34.xxx
rulet.tv
rur.plati.ru
rus.delfi.ee
rus.jauns.lv
ruscryde.net
ruslanom.plati.ru
russian.plati.ru
rutor.info
rutor.is
rutor.org
rutracker.cc
rutracker.net
rutracker.org
rutracker.wiki
sacred_warrior.plati.ru
sadkey.plati.market
sadkey.plati.ru
sait-soft.plati.ru
sakhalin.info
sakharovfoundation.org
sale-vcc.plati.ru
salesforce-experience.com
salesforce-hub.com
salesforce-scrt.com
salesforce-setup.com
salesforce-sites.com
salesforce.com
salesforceiq.com
salesforceliveagent.com
sanay.piter.plati.ru
sap.com
satpay.plati.ru
saverudata.net
sci-hub.se
sci-hub.st
scryde.io
scryde.net
scryde.ru
scryde.world
scryde1.net
scryde10.net
scryde11.net
scryde12.net
scryde2.net
scryde3.net
scryde4.net
scryde5.net
scryde6.net
scryde7.net
scryde8.net
scryde9.net
scurra.plati.ru
sdxcentral.com
searchfloor.org
seasonvar.ru
sekunda.plati.ru
selection.plati.market
selection.plati.ru
selezen.org
sellcode.plati.ru
seller-rifler.plati.market
seller-rifler.plati.ru
seller.dev1.ggsel.com
seller.dev2.ggsel.com
seller.staging.ggsel.com
sellerflash.plati.ru
sellerpanda.plati.market
sellerpanda.plati.ru
sellers-office.dev-1.ggsel.com
sellers-office.dev-2.ggsel.com
sellers-office.dev1.ggsel.com
sellers-office.dev2.ggsel.com
sellers-office.ggsel.net
sellers-office.pixelporto.ggsel.com
sellers-office.prod.ggsel.com
sellers-office.staging.ggsel.com
semnasem.org
semrush.com
sentry.dev
sentry.io
seo-lab.plati.ru
seo.plati.ru
seoklass.plati.ru
seoprofi.plati.ru
sephora.com
sergej110.plati.market
sergej110.plati.ru
sergeylyusya.plati.ru
sergeyshop.plati.ru
servarr.com
servicesoft.plati.market
servicesoft.plati.ru
severreal.org
sfdcopens.com
sfera2002.plati.market
sfera2002.plati.ru
shablon.plati.market
shablon.plati.ru
shifty.plati.ru
shikimori.me
shinyhardware.co.uk
shiza-project.com
shop-.plati.ru
shop-tur.plati.ru
shop.gameloft.com
shop.plati.io
shop.plati.market
shop.plati.ru
shoprd.plati.ru
shopwcd.plati.ru
showip.net
shramik.plati.io
sibreal.org
sifrmag.plati.market
signal.org
simon.plati.ru
simplex.chat
simplex.im
simplix.info
sing-box.sagernet.org
singlekey-id.com
site.com
skat.media
sketchup.com
skiff.com
skladchik.com
sklatchiki.ru
sky.com
skycdp.com
skype-oplata.plati.ru
slashlib.me
slavicsac.com
slawabobr.plati.market
slawabobr.plati.ru
slifki.biz
smailz.plati.market
smailz.plati.ru
smartbear.co
smartbear.com
smartdeploy.com
sms-activate.io
snapgene.com
sndcdn.com
snort.org
snyk.io
sobesednik.com
sobr.plati.market
sobr.plati.ru
sochi.plati.ru
soft-portal.plati.market
soft-portal.plati.ru
softweber.plati.ru
solano.plati.ru
solarwinds.com
soniklm.plati.market
sora.com
sotaproject.com
soundcloud.cloud
soundcloud.com
sovetromantica.com
space.plati.market
space1000.plati.market
space1000.plati.ru
spacelift.io
spankbang.com
speedtest.net
spektr.press
spiceworks.com
spiegel.de
spiritix.plati.ru
spitfireaudio.com
spotify.com
spreadthesign.com
sps.plati.ru
sputnikipogrom.com
squad.plati.ru
squadbustersgame.com
squareup.com
squietpc.com
ssbonus.plati.ru
ssl.plati.market
sss.plati.ru
stab.plati.ru
stage.ggsel.com
stan7776.plati.ru
startpage.com
stat.ggsel.com
static.lostfilm.top
statology.org
stavwm.plati.market
stdk.plati.ru
steambestseller.plati.ru
steamby.plati.market
steamby.plati.ru
steamhub.plati.market
steamhub.plati.ru
steamk.plati.market
steamstat.info
steamup.plati.ru
stitch.withgoogle.com
stkaltay.plati.market
stkaltay.plati.ru
sto500.plati.ru
strana.news
strana.today
strava.com
studentos.plati.ru
suggestqueries.google.com
super.plati.io
supercell.com
supersliv.biz
supervizor.plati.ru
support.xerox.com
surfshark.com
surveymonkey.com
suspilne.media
svi77.plati.ru
svidomi.in.ua
svoboda.org
svoi.kr.ua
svoishop.plati.ru
svtv.org
swagger.io
swen99.plati.ru
swissinfo.ch
sxyprn.com
sxyprn.net
synoforum.com
t-invariant.org
t.co
tableau.com
tabys.plati.ru
talosintelligence.com
tauhid.plati.ru
tayga.info
te-st.org
teamviewer.com
techbargains.com
technoscore.ggsel.net
techsell.plati.ru
telegraf.by
telegraf.news
telegraph.co.uk
telemetr.io
telia.plati.market
telia.plati.ru
tellapart.com
tempmail.plus
temu.com
termiton.plati.ru
terra.plati.ru
terraform.io
test-b2b.ggsel.net
test-expired.ggsel.com
test-oui.plati.market
test-oui.plati.ru
test.ggsel.com
test1.ggsel.com
test2.ggsel.com
test3.ggsel.com
test4.ggsel.com
testapi-b2b.ggsel.net
testapi.b2b.ggsel.com
tests.ggsel.com
the-village.ru
theaudiodb.com
thebarentsobserver.com
thebell.io
thegamerbay.plati.market
thegamerbay.plati.ru
theins.press
theins.ru
themoviedb.org
thenuclear.plati.market
thenuclear.plati.ru
thepiratebay.org
thetruestory.news
threads.net
threema.ch
ti.com
tidal.com
tik-tokapi.com
tiktok.com
tiktokcdn-eu.com
tiktokcdn-us.com
tiktokcdn.com
tiktokd.net
tiktokd.org
tiktokv.com
tiktokv.us
tiktokw.us
timberland.de
timeismoney.plati.ru
tinyauth.ggsel.com
tiptop-vpn.com
tmdb-image-prod.b-cdn.net
tmdb.com
tmdb.org
toolbox.app
top100.plati.ru
torgash.plati.ru
torproject.org
torrenteditor.com
torrentgalaxy.to
torrents.ru.plati.ru
torrentsru.plati.ru
tovarinfo.plati.market
trae.ai
trafficup.plati.ru
trailblazer.me
trailhead.com
traxshop.plati.market
trellix.com
troha.plati.io
troha.plati.market
troha.plati.ru
trollmoney.plati.ru
trueachievements.com
trueblackmetalradio.com
truesharing.plati.market
truthsocial.com
tsmc.com
ttwstatic.com
turbobit.net
tut-nam.plati.market
tut-nam.plati.ru
tut.plati.market
tut.plati.ru
tuta.com
tuta.io
tutanota.com
tuya-inc.cn
tuya.com
tuyaaf.com
tuyacn.com
tuyaeu.com
tuyain.com
tuyaus.com
tvfreedom.io
tvrain.ru
tvrain.tv
tweetdeck.com
twimg.com
twirpx.com
twitch.ggsel.net
twite.plati.ru
twitpic.com
twitter.biz
twitter.com
twitter.jp
twittercommunity.com
twitterflightschool.com
twitterinc.com
twitteroauth.com
twitterstat.us
twtrdns.net
twttr.com
twttr.net
twvid.com
typing.com
uaudio.com
udobno.plati.ru
ui.ill.in.ua
uin.plati.ru
uiny.plati.market
uiny.plati.ru
uizard.io
ukr.net
ukr.radio
ukrtelcdn.net
unian.ua
universal-shop.plati.ru
universal.plati.ru
unlock-online.plati.market
unlock-online.plati.ru
unscreen.com
upwork.com
uronun.plati.ru
usa.one
usatoday.com
usher.ttvnw.net
uspeh.plati.ru
uspekh.plati.ru
ust-kut.plati.ru
vagrantcloud.com
valenzeleonii.plati.market
valenzeleonii.plati.ru
vanhelsing.plati.ru
vasco.plati.market
vatsik.plati.ru
vcc-shop.plati.ru
veeam.com
vendor.plati.ru
verstka.media
vesma.one
vesma.today
vesty.co.il
viber.com
vice.com
victorious-forex.plati.ru
vikves.plati.ru
vine.co
violet.plati.ru
vip-shop.plati.ru
vip_shop.plati.market
vipbooks.plati.market
vipbooks.plati.ru
vipclub.plati.market
vipclub.plati.ru
vipergirls.to
virtualvisa.plati.market
visa.plati.ru
visaplus.plati.ru
visualcapitalist.com
vitzona.plati.ru
vlates.plati.ru
vm-grand.plati.ru
vmstore.plati.ru
vmware.com
vndb.org
voanews.com
vod.streamgum.com
voidboost.cc
voip.plati.ru
volkswagen-classic-parts.com
vorotila.plati.market
vorotila.plati.ru
vot-tak.tv
voucher.plati.market
voucher.plati.ru
vpn.ggsel.com
vpn2.ggsel.com
vpngate.net
vpngen.org
vpnlove.me
vpnpay.io
vrchat.cloud
vrchat.com
vsbest.plati.ru
vsbn.plati.market
vsepay.plati.ru
vyos.io
w.atwiki.jp
walmart.com
wanna-gamezzz.plati.ru
wap.plati.io
wap.plati.ru
warcraftbest.plati.market
warcraftbest.plati.ru
warezkrk.plati.io
warezkrk.plati.ru
watchguard.com
watermarkremover.io
waw.plati.io
wbgames.com
weather.com
webcelt24.plati.ru
webiron.plati.ru
webkompany.plati.ru
webmoney48.plati.ru
webnames.ca
webproverka.plati.ru
webtoons.com
webwm.plati.market
webwm.plati.ru
webworldwide.plati.market
webworldwide.plati.ru
weebly.com
weestudio.plati.ru
welt.de
weltgame.plati.market
weltgame.plati.ru
whoer.net
wide-youtube.l.google.com
widgetapp.stream
wiki.fextralife.com
wikidot.com
wildstore.plati.market
wilsoncenter.org
windows10spotlight.com
windowsupdate.com
windsurf.com
wmalmaty.plati.ru
wmbroker.plati.market
wmbroker.plati.ru
wmc.plati.ru
wmchart.plati.ru
wmdiler.plati.market
wmdiler.plati.ru
wmdoxod.plati.ru
wmformat.plati.ru
wmmax.plati.io
wmmax.plati.ru
wmrz.plati.ru
wmstandart.plati.ru
wmzarmenia.plati.ru
wmzshop.plati.ru
wogames.plati.ru
wonderzine.com
workoftank.plati.market
workoftank.plati.ru
world.plati.market
world.plati.ru
worldwide.plati.ru
wowget.plati.ru
wowgoldsale.plati.io
wowgoldsale.plati.market
wowgoldsale.plati.ru
wowgoodsru.plati.ru
wowmagaz.plati.ru
wpengine.com
wunderground.com
ww.plati.ru
ww82.plati.me
www.action.plati.ru
www.babyuser.plati.ru
www.beesyst.plati.market
www.bezwm.plati.ru
www.content.plati.ru
www.coop-land.plati.io
www.csteam.plati.ru
www.dev.ggsel.com
www.edram.plati.ru
www.eee.eee.plati.ru
www.eee.plati.ru
www.finans.plati.ru
www.gamesby.plati.ru
www.ggsel.com
www.ggsel.ru
www.hotkaz.plati.ru
www.idram.plati.market
www.images.ggsel.ru
www.mammonshop.plati.ru
www.medwed.plati.ru
www.plati.io
www.plati.market
www.plati.me
www.plati.ru
www.politex.plati.ru
www.pony.plati.ru
www.privozshop.plati.ru
www.real-time.plati.ru
www.servicea.plati.ru
www.termiton.plati.ru
www.test.ggsel.com
www.test1.ggsel.com
www.test2.ggsel.com
www.test3.ggsel.com
www.test4.ggsel.com
www.thebestgame.plati.ru
www.tut-nam.plati.ru
www.wmbroker.plati.ru
www3.corsair.com
www8.plati.ru
wwww.plati.io
wwwww.plati.market
x-sale.plati.market
x-sale.plati.ru
x.ai
x.com
xan.plati.ru
xblogshop.plati.ru
xbox66.plati.ru
xboxland.plati.io
xboxland.plati.market
xboxland.plati.ru
xhamster.com
xhamsterlive.com
xhcdn.com
xnxx-cdn.com
xnxx.com
xnxx.net
xnxx.tv
xnxx3.com
xorox.plati.ru
xpcom.plati.ru
xsts.auth.xboxlive.com
xtracloud.net
xv-ru.com
xvideos-cdn.com
xvideos.com
yablokitay.plati.ru
yande.re
yarnpkg.com
ydpromo.plati.market
yeggi.com
yle.fi
ylianna.plati.ru
yodaaaaaaa.plati.ru
youtrack.cloud
youtu.be
youtube-nocookie.com
youtube-ui.l.google.com
youtube.com
youtubeembeddedplayer.googleapis.com
youtubei.googleapis.com
youtubekids.com
ypi.plati.io
yt-video-upload.l.google.com
yt3.googleusercontent.com
ytimg.com
ytimg.l.google.com
yting.com
yummyani.me
yurik.plati.io
yurik.plati.ru
zachet.plati.ru
zadarom.plati.ru
zadizain.plati.io
zadizain.plati.market
zadizain.plati.ru
zahav.ru
zalma.plati.market
zalma.plati.ru
zapier.com
zatovar.plati.io
zavolga-net.plati.market
zawow.plati.ru
zbigz.com
zdesj.plati.market
zdesj.plati.ru
zedge.net
zendesk.com
zerkalo.io
zerotier.com
zhelna.plati.ru
zifra.plati.ru
zionstore.plati.ru
zizam.plati.ru
zloygames.plati.market
zomboid.plati.ru
zona.media
zoneofgame.plati.ru
zorg.plati.ru
zur.plati.ru
zvar.plati.io
