whoer.net
play.google.com
android.com
google-analytics.com
googleusercontent.com
gstatic.com
gvt1.com
ggpht.com
dl.google.com
dl-ssl.google.com
android.clients.google.com
gvt2.com
gvt3.com
photos.google.com
animego.gg
animego.me
proxy6.net
imgur.com
whatsapp.net
whatsapp.com
whatsapp.biz
wa.me
wl.co
whatsappbrand.com
whatsapp.cc
whatsapp-plus.info
whatsapp-plus.me
whatsapp-plus.net
whatsapp.org
whatsapp.tv
whatsapp.info
discord.com
discordapp.com
discord.gg
discord.co
cdn.discordapp.com
media.discordapp.net
media-1.discordapp.net
media-2.discordapp.net
media-ext-1.discordapp.net
media-ext-2.discordapp.net
images.discordapp.net
images-1.discordapp.net
images-2.discordapp.net
images-ext-1.discordapp.net
images-ext-2.discordapp.net
discord.media
discord-attachments-uploads-prd.storage.googleapis.com
gateway.discord.gg
api.discord.com
canary.discord.com
ptb.discord.com
discord.design
discord.dev
discord.gift
discord.gifts
discord.store
discord.tools
discord.new
discordapp.net
discordmerch.com
discordpartygames.com
discord-activities.com
discordactivities.com
discordsays.com
dis.gd
status.discord.com
support.discord.com
updates.discord.com
russia1.discord.gg
us-east123.discord.gg
discord.center
discord.me
jutsu.tv
yummyani.me
animego.me
