--- // ARC // ---

voice-eu1.embark.io
aws-voice-region.amazonaws.com
vivox.com
agora.io
chatgpt.com
ip.fish
turn.rtcp.on.epicgames.com
turn-eun1.rtcp.on.epicgames.com
turn-euc1.rtcp.on.epicgames.com
rtcp.on.epicgames.com
signaling-service-prod.eun1.live.rtcp.on.epicgames.com
signaling-service-prod.euc1.live.rtcp.on.epicgames.com
signaling-service-prod.use1a.live.rtcp.on.epicgames.com
eos-gateway-prod.ak.epicgames.com
api.epicgames.dev
game.hosting.epicgames.dev
videodelivery.net
cloudflarestream.com
cfargotunnel.com
argotunnel.com

signin.aws.amazon.com
cloudfront.net
s3.amazonaws.com
awsstatic.com
console.aws.a2z.com
amazonaws.com
awsapps.com
sso.amazonaws.com
deadbydaylight.com
deadbydaylight.fandom.com
cfl.re
cloudflare-dns.com
cloudflare-ech.com
cloudflare-esni.com
cloudflare-gateway.com
cloudflare-quic.com
cloudflare.com
cloudflare.net
cloudflare.tv
cloudflareaccess.com
cloudflareapps.com
cloudflarebolt.com
cloudflareclient.com
cloudflareinsights.com
cloudflareok.com
cloudflarepartners.com
cloudflareportal.com
cloudflarepreview.com
cloudflareresolve.com
cloudflaressl.com
cloudflarestatus.com
cloudflarestorage.com
cloudflaretest.com
cloudflarewarp.com
every1dns.net
isbgpsafeyet.com
one.one.one.one
one.one.one
pacloudflare.com
pages.dev
trycloudflare.com
warp.plus
workers.dev

--- // ARC // ---
