denisyakovlev.plati.market
plati.market
igroshop.plati.market
unlock-online.plati.market
proxyhub.plati.market
aionmania.plati.market
malovato.plati.market
wildstore.plati.market
wowgoldsale.plati.market
zadizain.plati.market
seller-rifler.plati.market
alpha-shop.plati.market
digireal.plati.market
krylovbooks.plati.market
soniklm.plati.market
steamby.plati.market
traxshop.plati.market
webwm.plati.market
igrozabor.plati.market
majesty.plati.market
gipersait.plati.market
virtualvisa.plati.market
deneg.plati.market
elex.plati.market
arashvg.plati.market
alaric.plati.market
games.plati.market
lexnuke.plati.market
4wmz.plati.market
boomzoom.plati.market
getnck.plati.market
irongamers.plati.market
master-card.plati.market
procheat.plati.market
ssl.plati.market
troha.plati.market
digitalpro.plati.market
mediasoft.plati.market
vipbooks.plati.market
adv.plati.market
beadeddruid.plati.market
haos.plati.market
konvenrus.plati.market
vasco.plati.market
9000.plati.market
beesyst.plati.market
smailz.plati.market
telia.plati.market
thegamerbay.plati.market
param.plati.market
moshi.plati.market
aholy.plati.market
neuroarthero.plati.market
org.plati.market
kortulsgameroom.plati.market
primo.plati.market
epidemz.plati.market
nogood.plati.market
selection.plati.market
222.plati.market
arkwill.plati.market
sifrmag.plati.market
truesharing.plati.market
artsonik.plati.market
igorgame.plati.market
shop.plati.market
belarus.plati.market
datasheet.plati.market
password.plati.market
warcraftbest.plati.market
vip_shop.plati.market
world.plati.market
buyaccs.plati.market
gamecod.plati.market
zalma.plati.market
bintrade.plati.market
sobr.plati.market
mediagame.plati.market
mir-online.plati.market
platimob.plati.market
gala.plati.market
gorlum.plati.market
dikij.plati.market
sergej110.plati.market
prodazha.plati.market
rawdeal.plati.market
zdesj.plati.market
crabbs.plati.market
cardshop.plati.market
construktor.plati.market
gamefarm.plati.market
nervana.plati.market
pomuk.plati.market
tut-nam.plati.market
vorotila.plati.market
goldergame.plati.market
bbbdota.plati.market
bigking.plati.market
cyberia.plati.market
maximnara.plati.market
playpal.plati.market
servicesoft.plati.market
space1000.plati.market
tut.plati.market
jackiechan.plati.market
megasergei.plati.market
mvd.plati.market
night-money.plati.market
resetyourprinter.plati.market
webworldwide.plati.market
x-sale.plati.market
bu1.plati.market
weltgame.plati.market
asq1x.plati.market
cms-base.plati.market
ipload.plati.market
www.idram.plati.market
wwwww.plati.market
www.plati.market
irussia.plati.market
kachestvo.plati.market
mmomoney.plati.market
klass.plati.market
dimych23.plati.market
amygdala.plati.market
mne.plati.market
happygames.plati.market
ivsofte.plati.market
provocateur.plati.market
redmacro.plati.market
giftland.plati.market
cent.plati.market
bigsale.plati.market
cyberlines.plati.market
paynplay.plati.market
angenshop.plati.market
adwords.plati.market
ydpromo.plati.market
mmopeon.plati.market
shablon.plati.market
slawabobr.plati.market
soft-portal.plati.market
zavolga-net.plati.market
pozdeev.plati.market
wmdiler.plati.market
steamk.plati.market
314com.plati.market
beta.plati.market
sellerpanda.plati.market
finans.plati.market
steamhub.plati.market
stkaltay.plati.market
test-oui.plati.market
tovarinfo.plati.market
www.beesyst.plati.market
keys-shop.plati.market
moneystream.plati.market
stavwm.plati.market
vsbn.plati.market
dayzwiki.plati.market
dobro.plati.market
xboxland.plati.market
uiny.plati.market
cardsale.plati.market
goldmega.plati.market
marino.plati.market
valenzeleonii.plati.market
voucher.plati.market
amedia.plati.market
areagames.plati.market
idram.plati.market
dealmark.plati.market
galazon.plati.market
alice2k.plati.market
expforex.plati.market
i-soft.plati.market
master_suxov.plati.market
thenuclear.plati.market
arma3.plati.market
ipil77.plati.market
marikon.plati.market
wmbroker.plati.market
imiks.plati.market
workoftank.plati.market
a.plati.market
cdkeytrade.plati.market
jets.plati.market
pay24.plati.market
zloygames.plati.market
sfera2002.plati.market
excellentgames.plati.market
space.plati.market
area52.plati.market
cybermake.plati.market
plati.market.digitalgoodsmarketplace.plati.market
goldsoft.plati.market
mirpay.plati.market
nickcd.plati.market
romawka.plati.market
sadkey.plati.market
gig.plati.market
gt-fun.plati.market
jkeks.plati.market
731.plati.market
vipclub.plati.market
www.privozshop.plati.ru
plati.ru
3zoom.plati.ru
bim.plati.ru
cardshop.plati.ru
mmopeon.plati.ru
torrents.ru.plati.ru
spiritix.plati.ru
svi77.plati.ru
wmformat.plati.ru
cherkassy.plati.ru
prodam.plati.ru
ylianna.plati.ru
bssperm.plati.ru
rfsoft.plati.ru
keys-shop.plati.ru
www8.plati.ru
cs16.plati.ru
beesyst.plati.ru
crockovich-shop.plati.ru
gooddeal.plati.ru
violet.plati.ru
hius.plati.ru
platiru.plati.ru
livekey.plati.ru
www.politex.plati.ru
proday.plati.ru
rawdeal.plati.ru
troha.plati.ru
xblogshop.plati.ru
scurra.plati.ru
i-soft.plati.ru
trafficup.plati.ru
darkv0id.plati.ru
oplatil.plati.ru
beadeddruid.plati.ru
webmoney48.plati.ru
jackiechan.plati.ru
space1000.plati.ru
wogames.plati.ru
vanhelsing.plati.ru
wmdoxod.plati.ru
cybermake.plati.ru
voucher.plati.ru
kamondimon.plati.ru
ach.plati.ru
x-sale.plati.ru
www.tut-nam.plati.ru
22vek.plati.ru
bezwm.plati.ru
mxnticek.plati.ru
kypit2017.plati.ru
swen99.plati.ru
top100.plati.ru
fast-seller.plati.ru
krylovbooks.plati.ru
kit-jobs.plati.ru
night-money.plati.ru
zoneofgame.plati.ru
giftland.plati.ru
espby.plati.ru
evernote.plati.ru
gtk.plati.ru
juicy-bublik.plati.ru
keybuygame.plati.ru
lopwa.plati.ru
media-group.plati.ru
vm-grand.plati.ru
shifty.plati.ru
stab.plati.ru
steamhub.plati.ru
katalog47.plati.ru
litbiz.plati.ru
game-monstr.plati.ru
radio1924.plati.ru
universal-shop.plati.ru
sto500.plati.ru
webcelt24.plati.ru
korotkov.plati.ru
seo.plati.ru
gamx.plati.ru
terra.plati.ru
uspeh.plati.ru
bu1.plati.ru
mzcoding.plati.ru
partner.plati.ru
param.plati.ru
pro100shop.plati.ru
battlegames.plati.ru
p02.plati.ru
softweber.plati.ru
dok.plati.ru
gameskeys.plati.ru
shop-tur.plati.ru
iigames.plati.ru
produkt.plati.ru
steamup.plati.ru
yablokitay.plati.ru
arashvg.plati.ru
ezo.plati.ru
zdesj.plati.ru
smailz.plati.ru
asergo.plati.ru
ausoft.plati.ru
jets.plati.ru
gamefarm.plati.ru
sadkey.plati.ru
sss.plati.ru
vlates.plati.ru
bikbol.plati.ru
kinoxi.plati.ru
sochi.plati.ru
webwm.plati.ru
wowmagaz.plati.ru
sergej110.plati.ru
internet-support.plati.ru
moongoost.plati.ru
funny-money.plati.ru
lilita.plati.ru
masterkey.plati.ru
andor.plati.ru
material.plati.ru
megasergei.plati.ru
techsell.plati.ru
www.bezwm.plati.ru
realworld.plati.ru
datasheet.plati.ru
gamemat.plati.ru
vitzona.plati.ru
webiron.plati.ru
fixshop.plati.ru
mig.plati.ru
mvd.plati.ru
servicesoft.plati.ru
digital-products.plati.ru
eee.plati.ru
ollyvs.plati.ru
idram.plati.ru
region-yug.plati.ru
zorg.plati.ru
torrentsru.plati.ru
gorlum.plati.ru
asergon.plati.ru
digitalpro.plati.ru
studentos.plati.ru
nodemind.plati.ru
nogood.plati.ru
shop.plati.ru
test-oui.plati.ru
vikves.plati.ru
xan.plati.ru
dealmark.plati.ru
adv.plati.ru
goodkey.plati.ru
goodok.plati.ru
nidorogo.plati.ru
gt-fun.plati.ru
sale-vcc.plati.ru
p03.plati.ru
permvisa.plati.ru
soft-portal.plati.ru
zur.plati.ru
world.plati.ru
babki.plati.ru
unlock-online.plati.ru
absshop.plati.ru
cpaking.plati.ru
pereira.plati.ru
bonus.plati.ru
crazystyle.plati.ru
csteam.plati.ru
finans.plati.ru
money.plati.ru
bazaar.plati.ru
pony.plati.ru
wmbroker.plati.ru
xbox66.plati.ru
supervizor.plati.ru
galer.plati.ru
ncsoft.plati.ru
vsepay.plati.ru
not21.plati.ru
accaunts.plati.ru
belarus.plati.ru
bestbuy.plati.ru
cardsale.plati.ru
priglashenie.plati.ru
raspr0dazha.plati.ru
pri5.plati.ru
simon.plati.ru
adminion.plati.ru
embroidery.plati.ru
gamecod.plati.ru
mail.plati.ru
intel.plati.ru
vcc-shop.plati.ru
kinginfo.plati.ru
noy.plati.ru
crabbs.plati.ru
mmoplus.plati.ru
yurik.plati.ru
tabys.plati.ru
best.plati.ru
mir-online.plati.ru
squad.plati.ru
uin.plati.ru
onlain.plati.ru
coop-land.plati.ru
romawka.plati.ru
sfera2002.plati.ru
dolar.plati.ru
seoprofi.plati.ru
construktor.plati.ru
blogineta.plati.ru
garant.plati.ru
online-shoping.plati.ru
fesukc.plati.ru
games.plati.ru
magmastore.plati.ru
radspectrum.plati.ru
sellerpanda.plati.ru
bbbdota.plati.ru
uronun.plati.ru
webworldwide.plati.ru
www.csteam.plati.ru
blaga.plati.ru
buy100.plati.ru
expforex.plati.ru
belyi.plati.ru
zifra.plati.ru
wmdiler.plati.ru
www.mammonshop.plati.ru
1leks.plati.ru
buka.plati.ru
kupilka.plati.ru
mirpay.plati.ru
p01.plati.ru
twite.plati.ru
pinsell.plati.ru
wowgoodsru.plati.ru
satpay.plati.ru
vsbest.plati.ru
731.plati.ru
www.edram.plati.ru
kanekt.plati.ru
nervana.plati.ru
skype-oplata.plati.ru
proxyhub.plati.ru
ruslanom.plati.ru
resail.plati.ru
blog.plati.ru
lastwm.plati.ru
bigking.plati.ru
www.action.plati.ru
numbyk.plati.ru
3tajioh.plati.ru
evotech.plati.ru
gog.plati.ru
altus3d.plati.ru
freegames.plati.ru
helpvsem.plati.ru
oneclick-base.plati.ru
panzerx.plati.ru
allabout.plati.ru
needforplay.plati.ru
sellcode.plati.ru
allforgamers.plati.ru
ihuman.plati.ru
keym.plati.ru
playpal.plati.ru
bonus-gold.plati.ru
dayzwiki.plati.ru
garantia.plati.ru
poster.plati.ru
slawabobr.plati.ru
majev.plati.ru
kelog.plati.ru
wanna-gamezzz.plati.ru
www.finans.plati.ru
khusainov.plati.ru
shopwcd.plati.ru
a.plati.ru
mckay.plati.ru
belov.plati.ru
gala.plati.ru
primo.plati.ru
vipbooks.plati.ru
weestudio.plati.ru
wap.plati.ru
afloor.plati.ru
valenzeleonii.plati.ru
ssbonus.plati.ru
wmchart.plati.ru
www.babyuser.plati.ru
ifua.plati.ru
h2o2.plati.ru
kokos.plati.ru
evcard.plati.ru
zhelna.plati.ru
kennygames.plati.ru
universal.plati.ru
ekvium.plati.ru
moneystream.plati.ru
progmist.plati.ru
alchemy.plati.ru
xboxland.plati.ru
instock.plati.ru
shablon.plati.ru
gig.plati.ru
seller-rifler.plati.ru
digireal.plati.ru
gaiwaik.plati.ru
svoishop.plati.ru
catalog_tovarov.plati.ru
redsarmy.plati.ru
goldergame.plati.ru
ww.plati.ru
areagames.plati.ru
cms-base.plati.ru
mao.plati.ru
wmrz.plati.ru
imiks.plati.ru
ask4.plati.ru
uspekh.plati.ru
wmstandart.plati.ru
license-store.plati.ru
marfa.plati.ru
igrozabor.plati.ru
www.medwed.plati.ru
nes.plati.ru
tauhid.plati.ru
www.eee.eee.plati.ru
xorox.plati.ru
ikillerzzz.plati.ru
riuhelp.plati.ru
www.hotkaz.plati.ru
iluxa.plati.ru
optimizsite.plati.ru
dream.plati.ru
pri.plati.ru
zachet.plati.ru
dominicana-victoria.plati.ru
adeptus.plati.ru
fast.plati.ru
faster.plati.ru
games13.plati.ru
mmomoney.plati.ru
newtrader.plati.ru
trollmoney.plati.ru
pozdeev.plati.ru
alkal.plati.ru
autya.plati.ru
dikij.plati.ru
icqsell.plati.ru
www.termiton.plati.ru
vip-shop.plati.ru
aifree.plati.ru
besttovarbest.plati.ru
politex.plati.ru
seoklass.plati.ru
cdkeytrade.plati.ru
lexnuke.plati.ru
workoftank.plati.ru
jkeks.plati.ru
mulhouse.plati.ru
mysqlcontent.plati.ru
office.plati.ru
zizam.plati.ru
com.plati.ru
hit-hs5.plati.ru
kuharbogdan.plati.ru
playkey.plati.ru
steambestseller.plati.ru
zadizain.plati.ru
timeismoney.plati.ru
alexbox.plati.ru
mediasoft.plati.ru
aionmania.plati.ru
era.plati.ru
sellerflash.plati.ru
312.plati.ru
prodazha.plati.ru
ray32cs.plati.ru
yodaaaaaaa.plati.ru
igrovie-dengi.plati.ru
richast.plati.ru
torgash.plati.ru
steamby.plati.ru
vendor.plati.ru
weltgame.plati.ru
org.plati.ru
tut-nam.plati.ru
action.plati.ru
betting.plati.ru
voip.plati.ru
vipclub.plati.ru
wmzarmenia.plati.ru
maximnara.plati.ru
amedia.plati.ru
edram.plati.ru
sekunda.plati.ru
goldsoft.plati.ru
igroshop.plati.ru
myzeny.plati.ru
warcraftbest.plati.ru
bodriyru.plati.ru
intv.plati.ru
uiny.plati.ru
hnbsk-portal.plati.ru
addwm.plati.ru
webkompany.plati.ru
wmmax.plati.ru
zadarom.plati.ru
dba.plati.ru
goldec.net.plati.ru
visa.plati.ru
worldwide.plati.ru
xpcom.plati.ru
sacred_warrior.plati.ru
www.content.plati.ru
plati-skype.plati.ru
shop-.plati.ru
main.plati.ru
vatsik.plati.ru
www.eee.plati.ru
www.gamesby.plati.ru
epidemz.plati.ru
djgelius.plati.ru
gamesbestpro.plati.ru
password.plati.ru
cifroshop.plati.ru
dimych23.plati.ru
mymag.plati.ru
www.pony.plati.ru
telia.plati.ru
zawow.plati.ru
billow.plati.ru
happygames.plati.ru
la2.plati.ru
termiton.plati.ru
zomboid.plati.ru
corp.plati.ru
lineage2.plati.ru
pegas-studio.plati.ru
wowgoldsale.plati.ru
wmzshop.plati.ru
mobile-world.plati.ru
nyka.plati.ru
asq1x.plati.ru
dodther.plati.ru
pomuk.plati.ru
www.thebestgame.plati.ru
deft.plati.ru
digitals.plati.ru
loony.plati.ru
stan7776.plati.ru
vmstore.plati.ru
goldmega.plati.ru
freeweblance.plati.ru
goldfarming.plati.ru
stdk.plati.ru
content.plati.ru
fformula.plati.ru
sait-soft.plati.ru
selection.plati.ru
gamesby.plati.ru
klacc.plati.ru
nrozental.plati.ru
russian.plati.ru
arkwill.plati.ru
thenuclear.plati.ru
webproverka.plati.ru
galazon.plati.ru
afee.plati.ru
peterlife.plati.ru
alipay-china.plati.ru
emerald-fairytales.plati.ru
probloging.plati.ru
nickcd.plati.ru
labore_et_zelo.plati.ru
guideswow.plati.ru
licensedsoft.plati.ru
seo-lab.plati.ru
udobno.plati.ru
wmalmaty.plati.ru
intells.plati.ru
ust-kut.plati.ru
wmc.plati.ru
alinastudio.plati.ru
rgr777.plati.ru
digitalkey.plati.ru
www.servicea.plati.ru
igorgame.plati.ru
face2005.plati.ru
visaplus.plati.ru
warezkrk.plati.ru
rur.plati.ru
stkaltay.plati.ru
thegamerbay.plati.ru
zionstore.plati.ru
www.real-time.plati.ru
dobro.plati.ru
1cguru.plati.ru
glauinfo.plati.ru
globalgame.plati.ru
victorious-forex.plati.ru
ipload.plati.ru
avdsm.plati.ru
dokartist.plati.ru
gamepath.plati.ru
magma-store.plati.ru
rampage.plati.ru
zalma.plati.ru
bapp.plati.ru
mavals.plati.ru
marikon.plati.ru
dead-island.plati.ru
gipersait.plati.ru
eve-online.plati.ru
fartuna.plati.ru
kaa.plati.ru
klass.plati.ru
arma3.plati.ru
alice2k.plati.ru
dollars.plati.ru
garfunkel.plati.ru
dark-games.plati.ru
promokeyscard.plati.ru
sergeyshop.plati.ru
vorotila.plati.ru
www.plati.ru
www.wmbroker.plati.ru
anufriy.plati.ru
csgoshop.plati.ru
sobr.plati.ru
melikramin.plati.ru
sergeylyusya.plati.ru
ipil77.plati.ru
ratioshop.plati.ru
shoprd.plati.ru
enterpay.plati.ru
gekich.plati.ru
krsk.plati.ru
solano.plati.ru
wowget.plati.ru
global-mmf.plati.ru
platimob.plati.ru
antosha.plati.ru
payusa.plati.ru
tut.plati.ru
kingpro.plati.ru
irussia.plati.ru
majesty.plati.ru
pacher2.plati.ru
1pr.plati.ru
itsec.plati.ru
6ekoh.plati.ru
adw.plati.ru
nextgift.plati.ru
mtsvoucher.plati.ru
sanay.piter.plati.ru
sps.plati.ru
shramik.plati.io
plati.io
diablo-3.plati.io
gamerpgmoney.plati.io
goodok.plati.io
guria.plati.io
troha.plati.io
warezkrk.plati.io
xboxland.plati.io
bintrade.plati.io
m.plati.io
plati-skype.plati.io
zatovar.plati.io
shop.plati.io
www.plati.io
globalgame.plati.io
chekist.plati.io
mistereo.plati.io
waw.plati.io
ipload.plati.io
dammoney.plati.io
geminus.plati.io
bobank.plati.io
coop-land.plati.io
dev.plati.io
zvar.plati.io
online.plati.io
wmmax.plati.io
account_center20.plati.io
kreg.plati.io
yurik.plati.io
jackiechan.plati.io
1000maketov.plati.io
edram.plati.io
ellectrogold.plati.io
optiroam.plati.io
ypi.plati.io
super.plati.io
wap.plati.io
zadizain.plati.io
digitex.plati.io
22vek.plati.io
wwww.plati.io
mail.plati.io
wowgoldsale.plati.io
audiobook.plati.io
www.coop-land.plati.io
www.plati.me
ww82.plati.me
